127.0.0.1 - - [07/Dec/2020:18:47:41 -0800] "GET /olfy/ HTTP/1.1" 200 3181 "-" "Mozilla/5.0 (X11; Linux x86_64) AppleWebKit/537.36 (KHTML, like Gecko) Chrome/87.0.4280.88 Safari/537.36"
127.0.0.1 - - [07/Dec/2020:18:47:42 -0800] "GET /olfy/models HTTP/1.1" 200 3914 "http://localhost/olfy/" "Mozilla/5.0 (X11; Linux x86_64) AppleWebKit/537.36 (KHTML, like Gecko) Chrome/87.0.4280.88 Safari/537.36"
127.0.0.1 - - [07/Dec/2020:18:47:43 -0800] "GET /static/olfy/images/Model3.jpg HTTP/1.1" 403 196 "http://localhost/olfy/models" "Mozilla/5.0 (X11; Linux x86_64) AppleWebKit/537.36 (KHTML, like Gecko) Chrome/87.0.4280.88 Safari/537.36"
127.0.0.1 - - [07/Dec/2020:18:47:43 -0800] "GET /static/olfy/images/Model4.jpg HTTP/1.1" 403 196 "http://localhost/olfy/models" "Mozilla/5.0 (X11; Linux x86_64) AppleWebKit/537.36 (KHTML, like Gecko) Chrome/87.0.4280.88 Safari/537.36"
127.0.0.1 - - [07/Dec/2020:18:47:44 -0800] "GET /olfy/odor2 HTTP/1.1" 200 6993 "http://localhost/olfy/models" "Mozilla/5.0 (X11; Linux x86_64) AppleWebKit/537.36 (KHTML, like Gecko) Chrome/87.0.4280.88 Safari/537.36"
127.0.0.1 - - [07/Dec/2020:18:48:22 -0800] "POST /olfy/odor2 HTTP/1.1" 200 11 "http://localhost/olfy/odor2" "Mozilla/5.0 (X11; Linux x86_64) AppleWebKit/537.36 (KHTML, like Gecko) Chrome/87.0.4280.88 Safari/537.36"
127.0.0.1 - - [07/Dec/2020:18:48:22 -0800] "GET /olfy/results HTTP/1.1" 200 5860 "http://localhost/olfy/odor2" "Mozilla/5.0 (X11; Linux x86_64) AppleWebKit/537.36 (KHTML, like Gecko) Chrome/87.0.4280.88 Safari/537.36"
192.168.1.99 - - [08/Dec/2020:23:50:22 +0530] "GET /olfy/ HTTP/1.1" 200 3181 "-" "Mozilla/5.0 (X11; Linux x86_64) AppleWebKit/537.36 (KHTML, like Gecko) Chrome/87.0.4280.88 Safari/537.36"
192.168.1.99 - - [08/Dec/2020:23:50:26 +0530] "GET /olfy/models HTTP/1.1" 200 3914 "http://odorify.ahujalab.iiitd.edu.in/olfy/" "Mozilla/5.0 (X11; Linux x86_64) AppleWebKit/537.36 (KHTML, like Gecko) Chrome/87.0.4280.88 Safari/537.36"
192.168.1.99 - - [08/Dec/2020:23:50:43 +0530] "GET /olfy/ HTTP/1.1" 200 3181 "-" "Mozilla/5.0 (X11; Linux x86_64) AppleWebKit/537.36 (KHTML, like Gecko) Chrome/77.0.3865.90 Safari/537.36"
192.168.1.99 - - [08/Dec/2020:23:50:45 +0530] "GET /olfy/models HTTP/1.1" 200 3914 "http://odorify.ahujalab.iiitd.edu.in/olfy/" "Mozilla/5.0 (X11; Linux x86_64) AppleWebKit/537.36 (KHTML, like Gecko) Chrome/77.0.3865.90 Safari/537.36"
192.168.1.99 - - [08/Dec/2020:23:50:45 +0530] "GET /static/olfy/images/logo.gif HTTP/1.1" 200 4404411 "http://odorify.ahujalab.iiitd.edu.in/olfy/" "Mozilla/5.0 (X11; Linux x86_64) AppleWebKit/537.36 (KHTML, like Gecko) Chrome/77.0.3865.90 Safari/537.36"
192.168.1.99 - - [08/Dec/2020:23:50:46 +0530] "GET /olfy/ HTTP/1.1" 200 3181 "http://odorify.ahujalab.iiitd.edu.in/olfy/models" "Mozilla/5.0 (X11; Linux x86_64) AppleWebKit/537.36 (KHTML, like Gecko) Chrome/87.0.4280.88 Safari/537.36"
192.168.1.99 - - [08/Dec/2020:23:50:46 +0530] "GET /static/olfy/images/logo.gif HTTP/1.1" 206 1 "http://odorify.ahujalab.iiitd.edu.in/olfy/models" "Mozilla/5.0 (X11; Linux x86_64) AppleWebKit/537.36 (KHTML, like Gecko) Chrome/77.0.3865.90 Safari/537.36"
192.168.1.99 - - [08/Dec/2020:23:50:47 +0530] "GET /olfy/about HTTP/1.1" 200 4601 "http://odorify.ahujalab.iiitd.edu.in/olfy/models" "Mozilla/5.0 (X11; Linux x86_64) AppleWebKit/537.36 (KHTML, like Gecko) Chrome/77.0.3865.90 Safari/537.36"
192.168.1.99 - - [08/Dec/2020:23:50:47 +0530] "GET /static/olfy/images/logo.gif HTTP/1.1" 206 2551627 "http://odorify.ahujalab.iiitd.edu.in/olfy/models" "Mozilla/5.0 (X11; Linux x86_64) AppleWebKit/537.36 (KHTML, like Gecko) Chrome/77.0.3865.90 Safari/537.36"
192.168.1.99 - - [08/Dec/2020:23:50:48 +0530] "GET /static/olfy/images/Sengupta.png HTTP/1.1" 200 259024 "http://odorify.ahujalab.iiitd.edu.in/olfy/about" "Mozilla/5.0 (X11; Linux x86_64) AppleWebKit/537.36 (KHTML, like Gecko) Chrome/77.0.3865.90 Safari/537.36"
192.168.1.99 - - [08/Dec/2020:23:50:48 +0530] "GET /static/olfy/images/logo.gif HTTP/1.1" 206 1 "http://odorify.ahujalab.iiitd.edu.in/olfy/about" "Mozilla/5.0 (X11; Linux x86_64) AppleWebKit/537.36 (KHTML, like Gecko) Chrome/77.0.3865.90 Safari/537.36"
192.168.1.99 - - [08/Dec/2020:23:50:48 +0530] "GET /static/olfy/images/Tripti.png HTTP/1.1" 200 521735 "http://odorify.ahujalab.iiitd.edu.in/olfy/about" "Mozilla/5.0 (X11; Linux x86_64) AppleWebKit/537.36 (KHTML, like Gecko) Chrome/77.0.3865.90 Safari/537.36"
183.83.214.151 - - [08/Dec/2020:23:50:50 +0530] "GET /olfy/ HTTP/1.1" 200 3181 "-" "WhatsApp/2.20.206.24 A"
192.168.1.99 - - [08/Dec/2020:23:50:51 +0530] "GET /static/olfy/images/Aayushi.jpg HTTP/1.1" 200 2122906 "http://odorify.ahujalab.iiitd.edu.in/olfy/about" "Mozilla/5.0 (X11; Linux x86_64) AppleWebKit/537.36 (KHTML, like Gecko) Chrome/77.0.3865.90 Safari/537.36"
192.168.1.99 - - [08/Dec/2020:23:50:52 +0530] "GET /static/olfy/images/logo.gif HTTP/1.1" 206 6684920 "http://odorify.ahujalab.iiitd.edu.in/olfy/about" "Mozilla/5.0 (X11; Linux x86_64) AppleWebKit/537.36 (KHTML, like Gecko) Chrome/77.0.3865.90 Safari/537.36"
192.168.1.99 - - [08/Dec/2020:23:50:58 +0530] "GET /olfy/odor2 HTTP/1.1" 200 6941 "http://odorify.ahujalab.iiitd.edu.in/olfy/about" "Mozilla/5.0 (X11; Linux x86_64) AppleWebKit/537.36 (KHTML, like Gecko) Chrome/77.0.3865.90 Safari/537.36"
192.168.1.99 - - [08/Dec/2020:23:50:58 +0530] "GET /static/olfy/images/running.gif HTTP/1.1" 200 1157114 "http://odorify.ahujalab.iiitd.edu.in/olfy/odor2" "Mozilla/5.0 (X11; Linux x86_64) AppleWebKit/537.36 (KHTML, like Gecko) Chrome/77.0.3865.90 Safari/537.36"
192.168.1.99 - - [08/Dec/2020:23:51:33 +0530] "GET /olfy/ HTTP/1.1" 200 3181 "-" "Mozilla/5.0 (Windows NT 10.0; Win64; x64) AppleWebKit/537.36 (KHTML, like Gecko) Chrome/87.0.4280.88 Safari/537.36"
192.168.1.99 - - [08/Dec/2020:23:51:33 +0530] "GET /static/olfy/styles/style.css HTTP/1.1" 200 31026 "http://odorify.ahujalab.iiitd.edu.in/olfy/" "Mozilla/5.0 (Windows NT 10.0; Win64; x64) AppleWebKit/537.36 (KHTML, like Gecko) Chrome/87.0.4280.88 Safari/537.36"
192.168.1.99 - - [08/Dec/2020:23:51:34 +0530] "GET /static/olfy/images/logo.gif HTTP/1.1" 200 12811584 "http://odorify.ahujalab.iiitd.edu.in/olfy/" "Mozilla/5.0 (Windows NT 10.0; Win64; x64) AppleWebKit/537.36 (KHTML, like Gecko) Chrome/87.0.4280.88 Safari/537.36"
192.168.1.99 - - [08/Dec/2020:23:51:34 +0530] "GET /static/olfy/images/logo-nose.png HTTP/1.1" 200 74739 "http://odorify.ahujalab.iiitd.edu.in/olfy/" "Mozilla/5.0 (Windows NT 10.0; Win64; x64) AppleWebKit/537.36 (KHTML, like Gecko) Chrome/87.0.4280.88 Safari/537.36"
192.168.1.99 - - [08/Dec/2020:23:51:36 +0530] "GET /olfy/models HTTP/1.1" 200 3914 "http://odorify.ahujalab.iiitd.edu.in/olfy/" "Mozilla/5.0 (Windows NT 10.0; Win64; x64) AppleWebKit/537.36 (KHTML, like Gecko) Chrome/87.0.4280.88 Safari/537.36"
192.168.1.99 - - [08/Dec/2020:23:51:36 +0530] "GET /static/olfy/images/Model3.jpg HTTP/1.1" 200 189647 "http://odorify.ahujalab.iiitd.edu.in/olfy/models" "Mozilla/5.0 (Windows NT 10.0; Win64; x64) AppleWebKit/537.36 (KHTML, like Gecko) Chrome/87.0.4280.88 Safari/537.36"
192.168.1.99 - - [08/Dec/2020:23:51:36 +0530] "GET /static/olfy/images/Model4.jpg HTTP/1.1" 200 57295 "http://odorify.ahujalab.iiitd.edu.in/olfy/models" "Mozilla/5.0 (Windows NT 10.0; Win64; x64) AppleWebKit/537.36 (KHTML, like Gecko) Chrome/87.0.4280.88 Safari/537.36"
185.239.242.178 - - [08/Dec/2020:23:51:58 +0530] "POST /boaform/admin/formLogin HTTP/1.1" 404 999 "http://103.25.231.62:80/admin/login.asp" "Mozilla/5.0 (X11; Ubuntu; Linux x86_64; rv:71.0) Gecko/20100101 Firefox/71.0"
192.168.1.99 - - [08/Dec/2020:23:52:06 +0530] "POST /olfy/odor2 HTTP/1.1" 200 11 "http://odorify.ahujalab.iiitd.edu.in/olfy/odor2" "Mozilla/5.0 (X11; Linux x86_64) AppleWebKit/537.36 (KHTML, like Gecko) Chrome/77.0.3865.90 Safari/537.36"
192.168.1.99 - - [08/Dec/2020:23:52:06 +0530] "GET /olfy/results HTTP/1.1" 200 8261 "http://odorify.ahujalab.iiitd.edu.in/olfy/odor2" "Mozilla/5.0 (X11; Linux x86_64) AppleWebKit/537.36 (KHTML, like Gecko) Chrome/77.0.3865.90 Safari/537.36"
192.168.1.99 - - [08/Dec/2020:23:52:14 +0530] "GET /olfy/queue HTTP/1.1" 200 3899 "http://odorify.ahujalab.iiitd.edu.in/olfy/results" "Mozilla/5.0 (X11; Linux x86_64) AppleWebKit/537.36 (KHTML, like Gecko) Chrome/77.0.3865.90 Safari/537.36"
192.168.1.99 - - [08/Dec/2020:23:52:14 +0530] "GET /olfy/results HTTP/1.1" 200 8261 "http://odorify.ahujalab.iiitd.edu.in/olfy/queue" "Mozilla/5.0 (X11; Linux x86_64) AppleWebKit/537.36 (KHTML, like Gecko) Chrome/77.0.3865.90 Safari/537.36"
192.168.1.99 - - [08/Dec/2020:23:52:16 +0530] "GET /olfy/queue HTTP/1.1" 200 3899 "http://odorify.ahujalab.iiitd.edu.in/olfy/results" "Mozilla/5.0 (X11; Linux x86_64) AppleWebKit/537.36 (KHTML, like Gecko) Chrome/77.0.3865.90 Safari/537.36"
192.168.1.99 - - [08/Dec/2020:23:53:02 +0530] "GET /olfy/OR HTTP/1.1" 200 6853 "http://odorify.ahujalab.iiitd.edu.in/olfy/queue" "Mozilla/5.0 (X11; Linux x86_64) AppleWebKit/537.36 (KHTML, like Gecko) Chrome/77.0.3865.90 Safari/537.36"
192.168.1.99 - - [08/Dec/2020:23:53:06 +0530] "GET /olfy/help HTTP/1.1" 200 5957 "http://odorify.ahujalab.iiitd.edu.in/olfy/OR" "Mozilla/5.0 (X11; Linux x86_64) AppleWebKit/537.36 (KHTML, like Gecko) Chrome/77.0.3865.90 Safari/537.36"
192.168.1.99 - - [08/Dec/2020:23:53:06 +0530] "GET /static/olfy/images/homepage.png HTTP/1.1" 200 68645 "http://odorify.ahujalab.iiitd.edu.in/olfy/help" "Mozilla/5.0 (X11; Linux x86_64) AppleWebKit/537.36 (KHTML, like Gecko) Chrome/77.0.3865.90 Safari/537.36"
192.168.1.99 - - [08/Dec/2020:23:53:06 +0530] "GET /static/olfy/images/m1.png HTTP/1.1" 200 42836 "http://odorify.ahujalab.iiitd.edu.in/olfy/help" "Mozilla/5.0 (X11; Linux x86_64) AppleWebKit/537.36 (KHTML, like Gecko) Chrome/77.0.3865.90 Safari/537.36"
192.168.1.99 - - [08/Dec/2020:23:53:06 +0530] "GET /static/olfy/images/m2.png HTTP/1.1" 200 46189 "http://odorify.ahujalab.iiitd.edu.in/olfy/help" "Mozilla/5.0 (X11; Linux x86_64) AppleWebKit/537.36 (KHTML, like Gecko) Chrome/77.0.3865.90 Safari/537.36"
192.168.1.99 - - [08/Dec/2020:23:53:06 +0530] "GET /static/olfy/images/m3.png HTTP/1.1" 200 34901 "http://odorify.ahujalab.iiitd.edu.in/olfy/help" "Mozilla/5.0 (X11; Linux x86_64) AppleWebKit/537.36 (KHTML, like Gecko) Chrome/77.0.3865.90 Safari/537.36"
192.168.1.99 - - [08/Dec/2020:23:53:06 +0530] "GET /static/olfy/images/m4.png HTTP/1.1" 200 29222 "http://odorify.ahujalab.iiitd.edu.in/olfy/help" "Mozilla/5.0 (X11; Linux x86_64) AppleWebKit/537.36 (KHTML, like Gecko) Chrome/77.0.3865.90 Safari/537.36"
192.168.1.99 - - [08/Dec/2020:23:53:06 +0530] "GET /static/olfy/images/email.jpg HTTP/1.1" 200 36450 "http://odorify.ahujalab.iiitd.edu.in/olfy/help" "Mozilla/5.0 (X11; Linux x86_64) AppleWebKit/537.36 (KHTML, like Gecko) Chrome/77.0.3865.90 Safari/537.36"
192.168.1.99 - - [08/Dec/2020:23:53:06 +0530] "GET /static/olfy/images/m4_results.png HTTP/1.1" 200 39754 "http://odorify.ahujalab.iiitd.edu.in/olfy/help" "Mozilla/5.0 (X11; Linux x86_64) AppleWebKit/537.36 (KHTML, like Gecko) Chrome/77.0.3865.90 Safari/537.36"
192.168.1.99 - - [08/Dec/2020:23:53:06 +0530] "GET /static/olfy/images/history.png HTTP/1.1" 200 20361 "http://odorify.ahujalab.iiitd.edu.in/olfy/help" "Mozilla/5.0 (X11; Linux x86_64) AppleWebKit/537.36 (KHTML, like Gecko) Chrome/77.0.3865.90 Safari/537.36"
192.168.1.99 - - [08/Dec/2020:23:53:06 +0530] "GET /static/olfy/images/zip.jpg HTTP/1.1" 200 29332 "http://odorify.ahujalab.iiitd.edu.in/olfy/help" "Mozilla/5.0 (X11; Linux x86_64) AppleWebKit/537.36 (KHTML, like Gecko) Chrome/77.0.3865.90 Safari/537.36"
192.168.1.99 - - [08/Dec/2020:23:53:06 +0530] "GET /static/olfy/tutorialVideo.mp4 HTTP/1.1" 206 714513 "http://odorify.ahujalab.iiitd.edu.in/olfy/help" "Mozilla/5.0 (X11; Linux x86_64) AppleWebKit/537.36 (KHTML, like Gecko) Chrome/77.0.3865.90 Safari/537.36"
192.168.1.99 - - [08/Dec/2020:23:53:07 +0530] "GET /static/olfy/images/models_homepage.png HTTP/1.1" 200 976785 "http://odorify.ahujalab.iiitd.edu.in/olfy/help" "Mozilla/5.0 (X11; Linux x86_64) AppleWebKit/537.36 (KHTML, like Gecko) Chrome/77.0.3865.90 Safari/537.36"
209.141.51.123 - - [08/Dec/2020:23:53:08 +0530] "POST /boaform/admin/formLogin HTTP/1.1" 404 999 "http://103.25.231.62:80/admin/login.asp" "Mozilla/5.0 (X11; Ubuntu; Linux x86_64; rv:71.0) Gecko/20100101 Firefox/71.0"
192.168.1.99 - - [08/Dec/2020:23:53:19 +0530] "GET /olfy/contact HTTP/1.1" 200 3718 "http://odorify.ahujalab.iiitd.edu.in/olfy/help" "Mozilla/5.0 (X11; Linux x86_64) AppleWebKit/537.36 (KHTML, like Gecko) Chrome/77.0.3865.90 Safari/537.36"
192.168.1.99 - - [08/Dec/2020:23:53:22 +0530] "GET /olfy/about HTTP/1.1" 200 4601 "http://odorify.ahujalab.iiitd.edu.in/olfy/contact" "Mozilla/5.0 (X11; Linux x86_64) AppleWebKit/537.36 (KHTML, like Gecko) Chrome/77.0.3865.90 Safari/537.36"
192.168.1.99 - - [08/Dec/2020:23:53:27 +0530] "GET /olfy/models HTTP/1.1" 200 3914 "http://odorify.ahujalab.iiitd.edu.in/olfy/about" "Mozilla/5.0 (X11; Linux x86_64) AppleWebKit/537.36 (KHTML, like Gecko) Chrome/77.0.3865.90 Safari/537.36"
192.168.1.99 - - [08/Dec/2020:23:53:50 +0530] "GET /olfy/odor_OR HTTP/1.1" 200 6631 "http://odorify.ahujalab.iiitd.edu.in/olfy/models" "Mozilla/5.0 (X11; Linux x86_64) AppleWebKit/537.36 (KHTML, like Gecko) Chrome/77.0.3865.90 Safari/537.36"
200.59.206.1 - - [08/Dec/2020:23:53:51 +0530] "GET / HTTP/1.1" 301 0 "-" "Mozilla/5.0 (Windows NT 10.0; WOW64) AppleWebKit/537.36 (KHTML, like Gecko) Chrome/51.0.2704.103 Safari/537.36"
192.168.1.99 - - [08/Dec/2020:23:53:57 +0530] "POST /olfy/odor_OR HTTP/1.1" 200 11 "http://odorify.ahujalab.iiitd.edu.in/olfy/odor_OR" "Mozilla/5.0 (X11; Linux x86_64) AppleWebKit/537.36 (KHTML, like Gecko) Chrome/77.0.3865.90 Safari/537.36"
192.168.1.99 - - [08/Dec/2020:23:53:57 +0530] "GET /olfy/results HTTP/1.1" 200 5196 "http://odorify.ahujalab.iiitd.edu.in/olfy/odor_OR" "Mozilla/5.0 (X11; Linux x86_64) AppleWebKit/537.36 (KHTML, like Gecko) Chrome/77.0.3865.90 Safari/537.36"
192.168.1.99 - - [08/Dec/2020:23:54:21 +0530] "GET /olfy/contact HTTP/1.1" 200 3716 "-" "Mozilla/5.0 (X11; Linux x86_64) AppleWebKit/537.36 (KHTML, like Gecko) Chrome/77.0.3865.90 Safari/537.36"
192.168.1.99 - - [08/Dec/2020:23:54:36 +0530] "GET /olfy/odor_OR HTTP/1.1" 200 6632 "http://odorify.ahujalab.iiitd.edu.in/olfy/results" "Mozilla/5.0 (X11; Linux x86_64) AppleWebKit/537.36 (KHTML, like Gecko) Chrome/77.0.3865.90 Safari/537.36"
192.168.1.99 - - [08/Dec/2020:23:54:37 +0530] "GET /olfy/queue HTTP/1.1" 200 3931 "http://odorify.ahujalab.iiitd.edu.in/olfy/odor_OR" "Mozilla/5.0 (X11; Linux x86_64) AppleWebKit/537.36 (KHTML, like Gecko) Chrome/77.0.3865.90 Safari/537.36"
192.168.1.99 - - [08/Dec/2020:23:54:47 +0530] "GET /olfy/odor HTTP/1.1" 200 6137 "http://odorify.ahujalab.iiitd.edu.in/olfy/queue" "Mozilla/5.0 (X11; Linux x86_64) AppleWebKit/537.36 (KHTML, like Gecko) Chrome/77.0.3865.90 Safari/537.36"
192.168.1.99 - - [08/Dec/2020:23:54:55 +0530] "GET / HTTP/1.1" 301 0 "-" "Mozilla/5.0 (X11; Linux x86_64) AppleWebKit/537.36 (KHTML, like Gecko) Chrome/77.0.3865.90 Safari/537.36"
192.168.1.99 - - [08/Dec/2020:23:54:55 +0530] "GET /olfy/ HTTP/1.1" 200 3181 "-" "Mozilla/5.0 (X11; Linux x86_64) AppleWebKit/537.36 (KHTML, like Gecko) Chrome/77.0.3865.90 Safari/537.36"
192.168.1.99 - - [08/Dec/2020:23:54:55 +0530] "GET /static/olfy/styles/style.css HTTP/1.1" 200 31026 "http://odorify.ahujalab.iiitd.edu.in/olfy/" "Mozilla/5.0 (X11; Linux x86_64) AppleWebKit/537.36 (KHTML, like Gecko) Chrome/77.0.3865.90 Safari/537.36"
192.168.1.99 - - [08/Dec/2020:23:54:55 +0530] "GET /olfy/ HTTP/1.1" 200 3181 "-" "Mozilla/5.0 (X11; Linux x86_64) AppleWebKit/537.36 (KHTML, like Gecko) Chrome/77.0.3865.90 Safari/537.36"
192.168.1.99 - - [08/Dec/2020:23:54:57 +0530] "GET /olfy/models HTTP/1.1" 200 3914 "http://odorify.ahujalab.iiitd.edu.in/olfy/" "Mozilla/5.0 (X11; Linux x86_64) AppleWebKit/537.36 (KHTML, like Gecko) Chrome/77.0.3865.90 Safari/537.36"
192.168.1.99 - - [08/Dec/2020:23:54:57 +0530] "GET /static/olfy/images/Model4.jpg HTTP/1.1" 200 57295 "http://odorify.ahujalab.iiitd.edu.in/olfy/models" "Mozilla/5.0 (X11; Linux x86_64) AppleWebKit/537.36 (KHTML, like Gecko) Chrome/77.0.3865.90 Safari/537.36"
192.168.1.99 - - [08/Dec/2020:23:54:58 +0530] "GET /static/olfy/images/Model3.jpg HTTP/1.1" 200 189647 "http://odorify.ahujalab.iiitd.edu.in/olfy/models" "Mozilla/5.0 (X11; Linux x86_64) AppleWebKit/537.36 (KHTML, like Gecko) Chrome/77.0.3865.90 Safari/537.36"
192.168.1.99 - - [08/Dec/2020:23:54:58 +0530] "GET /olfy/queue HTTP/1.1" 200 3855 "http://odorify.ahujalab.iiitd.edu.in/olfy/models" "Mozilla/5.0 (X11; Linux x86_64) AppleWebKit/537.36 (KHTML, like Gecko) Chrome/77.0.3865.90 Safari/537.36"
192.168.1.99 - - [08/Dec/2020:23:54:59 +0530] "GET /static/olfy/images/logo.gif HTTP/1.1" 200 399459 "http://odorify.ahujalab.iiitd.edu.in/olfy/models" "Mozilla/5.0 (X11; Linux x86_64) AppleWebKit/537.36 (KHTML, like Gecko) Chrome/77.0.3865.90 Safari/537.36"
192.168.1.99 - - [08/Dec/2020:23:54:59 +0530] "GET /static/olfy/images/logo.gif HTTP/1.1" 200 6783165 "http://odorify.ahujalab.iiitd.edu.in/olfy/" "Mozilla/5.0 (X11; Linux x86_64) AppleWebKit/537.36 (KHTML, like Gecko) Chrome/77.0.3865.90 Safari/537.36"
192.168.1.99 - - [08/Dec/2020:23:54:59 +0530] "GET /static/olfy/images/logo.gif HTTP/1.1" 206 1 "http://odorify.ahujalab.iiitd.edu.in/olfy/queue" "Mozilla/5.0 (X11; Linux x86_64) AppleWebKit/537.36 (KHTML, like Gecko) Chrome/77.0.3865.90 Safari/537.36"
192.168.1.99 - - [08/Dec/2020:23:55:01 +0530] "GET /olfy/results HTTP/1.1" 200 3804 "http://odorify.ahujalab.iiitd.edu.in/olfy/queue" "Mozilla/5.0 (X11; Linux x86_64) AppleWebKit/537.36 (KHTML, like Gecko) Chrome/77.0.3865.90 Safari/537.36"
192.168.1.99 - - [08/Dec/2020:23:55:01 +0530] "GET /static/olfy/images/logo.gif HTTP/1.1" 206 4952515 "http://odorify.ahujalab.iiitd.edu.in/olfy/queue" "Mozilla/5.0 (X11; Linux x86_64) AppleWebKit/537.36 (KHTML, like Gecko) Chrome/77.0.3865.90 Safari/537.36"
192.168.1.99 - - [08/Dec/2020:23:55:01 +0530] "GET /static/olfy/images/logo.gif HTTP/1.1" 206 1 "http://odorify.ahujalab.iiitd.edu.in/olfy/results" "Mozilla/5.0 (X11; Linux x86_64) AppleWebKit/537.36 (KHTML, like Gecko) Chrome/77.0.3865.90 Safari/537.36"
192.168.1.99 - - [08/Dec/2020:23:55:03 +0530] "GET /olfy/queue HTTP/1.1" 200 3855 "http://odorify.ahujalab.iiitd.edu.in/olfy/results" "Mozilla/5.0 (X11; Linux x86_64) AppleWebKit/537.36 (KHTML, like Gecko) Chrome/77.0.3865.90 Safari/537.36"
192.168.1.99 - - [08/Dec/2020:23:55:03 +0530] "GET /static/olfy/images/logo.gif HTTP/1.1" 206 2987797 "http://odorify.ahujalab.iiitd.edu.in/olfy/results" "Mozilla/5.0 (X11; Linux x86_64) AppleWebKit/537.36 (KHTML, like Gecko) Chrome/77.0.3865.90 Safari/537.36"
192.168.1.99 - - [08/Dec/2020:23:55:06 +0530] "GET /olfy/results/pre_computed_job_odor_or_finder/4/2/1 HTTP/1.1" 200 5204 "http://odorify.ahujalab.iiitd.edu.in/olfy/queue" "Mozilla/5.0 (X11; Linux x86_64) AppleWebKit/537.36 (KHTML, like Gecko) Chrome/77.0.3865.90 Safari/537.36"
192.168.1.99 - - [08/Dec/2020:23:55:06 +0530] "GET /static/olfy/images/logo.gif HTTP/1.1" 200 5085357 "http://odorify.ahujalab.iiitd.edu.in/olfy/queue" "Mozilla/5.0 (X11; Linux x86_64) AppleWebKit/537.36 (KHTML, like Gecko) Chrome/77.0.3865.90 Safari/537.36"
192.168.1.99 - - [08/Dec/2020:23:55:07 +0530] "GET /static/olfy/images/logo.gif HTTP/1.1" 206 1 "http://odorify.ahujalab.iiitd.edu.in/olfy/results/pre_computed_job_odor_or_finder/4/2/1" "Mozilla/5.0 (X11; Linux x86_64) AppleWebKit/537.36 (KHTML, like Gecko) Chrome/77.0.3865.90 Safari/537.36"
192.168.1.99 - - [08/Dec/2020:23:55:09 +0530] "GET /static/olfy/generated//precomputed/m4/pre_computed_job_odor_or_finder//1_SmileInterpretability.png HTTP/1.1" 200 38227 "http://odorify.ahujalab.iiitd.edu.in/olfy/results/pre_computed_job_odor_or_finder/4/2/1" "Mozilla/5.0 (X11; Linux x86_64) AppleWebKit/537.36 (KHTML, like Gecko) Chrome/77.0.3865.90 Safari/537.36"
192.168.1.99 - - [08/Dec/2020:23:55:10 +0530] "GET /static/olfy/images/logo.gif HTTP/1.1" 206 8011365 "http://odorify.ahujalab.iiitd.edu.in/olfy/results/pre_computed_job_odor_or_finder/4/2/1" "Mozilla/5.0 (X11; Linux x86_64) AppleWebKit/537.36 (KHTML, like Gecko) Chrome/77.0.3865.90 Safari/537.36"
192.168.1.99 - - [08/Dec/2020:23:55:11 +0530] "POST /olfy/odor HTTP/1.1" 200 11 "http://odorify.ahujalab.iiitd.edu.in/olfy/odor" "Mozilla/5.0 (X11; Linux x86_64) AppleWebKit/537.36 (KHTML, like Gecko) Chrome/77.0.3865.90 Safari/537.36"
192.168.1.99 - - [08/Dec/2020:23:55:11 +0530] "GET /olfy/results HTTP/1.1" 200 4848 "http://odorify.ahujalab.iiitd.edu.in/olfy/odor" "Mozilla/5.0 (X11; Linux x86_64) AppleWebKit/537.36 (KHTML, like Gecko) Chrome/77.0.3865.90 Safari/537.36"
192.168.1.99 - - [08/Dec/2020:23:55:11 +0530] "GET /olfy/odor2 HTTP/1.1" 200 6940 "http://odorify.ahujalab.iiitd.edu.in/olfy/results/pre_computed_job_odor_or_finder/4/2/1" "Mozilla/5.0 (X11; Linux x86_64) AppleWebKit/537.36 (KHTML, like Gecko) Chrome/77.0.3865.90 Safari/537.36"
192.168.1.99 - - [08/Dec/2020:23:55:12 +0530] "GET /static/olfy/images/running.gif HTTP/1.1" 200 1157114 "http://odorify.ahujalab.iiitd.edu.in/olfy/odor2" "Mozilla/5.0 (X11; Linux x86_64) AppleWebKit/537.36 (KHTML, like Gecko) Chrome/77.0.3865.90 Safari/537.36"
192.168.1.99 - - [08/Dec/2020:23:55:25 +0530] "GET /olfy/OR HTTP/1.1" 200 6856 "http://odorify.ahujalab.iiitd.edu.in/olfy/results" "Mozilla/5.0 (X11; Linux x86_64) AppleWebKit/537.36 (KHTML, like Gecko) Chrome/77.0.3865.90 Safari/537.36"
192.168.1.99 - - [08/Dec/2020:23:55:39 +0530] "GET /static/olfy/styles/style.css.map HTTP/1.1" 200 22991 "-" "Mozilla/5.0 (X11; Linux x86_64) AppleWebKit/537.36 (KHTML, like Gecko) Chrome/77.0.3865.90 Safari/537.36"
192.168.1.99 - - [08/Dec/2020:23:56:05 +0530] "POST /olfy/odor2 HTTP/1.1" 200 11 "http://odorify.ahujalab.iiitd.edu.in/olfy/odor2" "Mozilla/5.0 (X11; Linux x86_64) AppleWebKit/537.36 (KHTML, like Gecko) Chrome/77.0.3865.90 Safari/537.36"
192.168.1.99 - - [08/Dec/2020:23:56:05 +0530] "GET /olfy/results HTTP/1.1" 200 10210 "http://odorify.ahujalab.iiitd.edu.in/olfy/odor2" "Mozilla/5.0 (X11; Linux x86_64) AppleWebKit/537.36 (KHTML, like Gecko) Chrome/77.0.3865.90 Safari/537.36"
192.168.1.99 - - [08/Dec/2020:23:56:27 +0530] "GET /static/olfy/generated//6649039524/m2/job_or_finder/1/1_SequenceInterpretability.pdf HTTP/1.1" 200 37255 "http://odorify.ahujalab.iiitd.edu.in/olfy/results" "Mozilla/5.0 (X11; Linux x86_64) AppleWebKit/537.36 (KHTML, like Gecko) Chrome/77.0.3865.90 Safari/537.36"
192.168.1.99 - - [08/Dec/2020:23:56:30 +0530] "POST /olfy/OR HTTP/1.1" 504 578 "http://odorify.ahujalab.iiitd.edu.in/olfy/OR" "Mozilla/5.0 (X11; Linux x86_64) AppleWebKit/537.36 (KHTML, like Gecko) Chrome/77.0.3865.90 Safari/537.36"
192.168.1.99 - - [08/Dec/2020:23:56:31 +0530] "GET /static/olfy/generated//6649039524/m2/job_or_finder/1/10_SmileInterpretability.png HTTP/1.1" 200 42362 "http://odorify.ahujalab.iiitd.edu.in/olfy/results" "Mozilla/5.0 (X11; Linux x86_64) AppleWebKit/537.36 (KHTML, like Gecko) Chrome/77.0.3865.90 Safari/537.36"
192.168.1.99 - - [08/Dec/2020:23:56:33 +0530] "GET /static/olfy/generated//6649039524/m2/job_or_finder/1/10_mol.svg HTTP/1.1" 200 7285 "http://odorify.ahujalab.iiitd.edu.in/olfy/results" "Mozilla/5.0 (X11; Linux x86_64) AppleWebKit/537.36 (KHTML, like Gecko) Chrome/77.0.3865.90 Safari/537.36"
192.168.1.99 - - [08/Dec/2020:23:56:37 +0530] "GET /static/olfy/generated//6649039524/m2/job_or_finder/3/3_SmileInterpretability.png HTTP/1.1" 200 44220 "http://odorify.ahujalab.iiitd.edu.in/olfy/results" "Mozilla/5.0 (X11; Linux x86_64) AppleWebKit/537.36 (KHTML, like Gecko) Chrome/77.0.3865.90 Safari/537.36"
192.168.1.99 - - [08/Dec/2020:23:56:39 +0530] "GET /static/olfy/generated//6649039524/m2/job_or_finder/3/3_SequenceInterpretability.pdf HTTP/1.1" 200 37248 "http://odorify.ahujalab.iiitd.edu.in/olfy/results" "Mozilla/5.0 (X11; Linux x86_64) AppleWebKit/537.36 (KHTML, like Gecko) Chrome/77.0.3865.90 Safari/537.36"
192.168.1.99 - - [08/Dec/2020:23:56:41 +0530] "GET /static/olfy/generated//6649039524/m2/job_or_finder/3/3_mol.svg HTTP/1.1" 200 8796 "http://odorify.ahujalab.iiitd.edu.in/olfy/results" "Mozilla/5.0 (X11; Linux x86_64) AppleWebKit/537.36 (KHTML, like Gecko) Chrome/77.0.3865.90 Safari/537.36"
64.233.172.195 - - [08/Dec/2020:23:57:47 +0530] "GET /olfy/OR HTTP/1.1" 200 6853 "-" "Mozilla/5.0 (X11; Linux x86_64) AppleWebKit/537.36 (KHTML, like Gecko) Chrome/56.0.2924.87 Safari/537.36 Google (+https://developers.google.com/+/web/snippet/)"
74.125.214.7 - - [08/Dec/2020:23:57:48 +0530] "GET /olfy/OR HTTP/1.1" 200 6854 "-" "Mozilla/5.0 (X11; Linux x86_64) AppleWebKit/537.36 (KHTML, like Gecko) Chrome/56.0.2924.87 Safari/537.36 Google (+https://developers.google.com/+/web/snippet/)"
64.233.172.199 - - [08/Dec/2020:23:57:48 +0530] "GET /static/olfy/images/running.gif HTTP/1.1" 200 1157114 "-" "Mozilla/5.0 (X11; Linux x86_64) AppleWebKit/537.36 (KHTML, like Gecko) Chrome/56.0.2924.87 Safari/537.36 Google (+https://developers.google.com/+/web/snippet/)"
74.125.214.11 - - [08/Dec/2020:23:57:50 +0530] "GET /static/olfy/images/running.gif HTTP/1.1" 200 1157114 "-" "Mozilla/5.0 (X11; Linux x86_64) AppleWebKit/537.36 (KHTML, like Gecko) Chrome/56.0.2924.87 Safari/537.36 Google (+https://developers.google.com/+/web/snippet/)"
64.233.172.197 - - [08/Dec/2020:23:57:51 +0530] "GET / HTTP/1.1" 301 0 "-" "Mozilla/5.0 (X11; Linux x86_64) AppleWebKit/537.36 (KHTML, like Gecko) Chrome/56.0.2924.87 Safari/537.36 Google (+https://developers.google.com/+/web/snippet/)"
64.233.172.197 - - [08/Dec/2020:23:57:51 +0530] "GET /olfy/ HTTP/1.1" 200 3181 "-" "Mozilla/5.0 (X11; Linux x86_64) AppleWebKit/537.36 (KHTML, like Gecko) Chrome/56.0.2924.87 Safari/537.36 Google (+https://developers.google.com/+/web/snippet/)"
66.249.82.144 - - [08/Dec/2020:23:57:52 +0530] "GET /static/olfy/images/running.gif HTTP/1.1" 200 1157114 "-" "Mozilla/5.0 (Windows NT 5.1; rv:11.0) Gecko Firefox/11.0 (via ggpht.com GoogleImageProxy)"
64.233.172.199 - - [08/Dec/2020:23:57:53 +0530] "GET / HTTP/1.1" 301 0 "-" "Mozilla/5.0 (X11; Linux x86_64) AppleWebKit/537.36 (KHTML, like Gecko) Chrome/56.0.2924.87 Safari/537.36 Google (+https://developers.google.com/+/web/snippet/)"
64.233.172.197 - - [08/Dec/2020:23:57:54 +0530] "GET /olfy/ HTTP/1.1" 200 3181 "-" "Mozilla/5.0 (X11; Linux x86_64) AppleWebKit/537.36 (KHTML, like Gecko) Chrome/56.0.2924.87 Safari/537.36 Google (+https://developers.google.com/+/web/snippet/)"
64.233.172.199 - - [08/Dec/2020:23:57:56 +0530] "GET / HTTP/1.1" 301 0 "-" "Mozilla/5.0 (X11; Linux x86_64) AppleWebKit/537.36 (KHTML, like Gecko) Chrome/56.0.2924.87 Safari/537.36 Google (+https://developers.google.com/+/web/snippet/)"
64.233.172.199 - - [08/Dec/2020:23:57:56 +0530] "GET /olfy/ HTTP/1.1" 200 3181 "-" "Mozilla/5.0 (X11; Linux x86_64) AppleWebKit/537.36 (KHTML, like Gecko) Chrome/56.0.2924.87 Safari/537.36 Google (+https://developers.google.com/+/web/snippet/)"
66.102.9.105 - - [08/Dec/2020:23:57:57 +0530] "GET / HTTP/1.1" 301 0 "-" "Mozilla/5.0 (X11; Linux x86_64) AppleWebKit/537.36 (KHTML, like Gecko) Chrome/56.0.2924.87 Safari/537.36 Google (+https://developers.google.com/+/web/snippet/)"
66.102.9.107 - - [08/Dec/2020:23:57:58 +0530] "GET / HTTP/1.1" 301 0 "-" "Mozilla/5.0 (X11; Linux x86_64) AppleWebKit/537.36 (KHTML, like Gecko) Chrome/56.0.2924.87 Safari/537.36 Google (+https://developers.google.com/+/web/snippet/)"
66.102.9.107 - - [08/Dec/2020:23:57:58 +0530] "GET /olfy/ HTTP/1.1" 200 3181 "-" "Mozilla/5.0 (X11; Linux x86_64) AppleWebKit/537.36 (KHTML, like Gecko) Chrome/56.0.2924.87 Safari/537.36 Google (+https://developers.google.com/+/web/snippet/)"
66.102.9.105 - - [08/Dec/2020:23:57:58 +0530] "GET /olfy/ HTTP/1.1" 200 3181 "-" "Mozilla/5.0 (X11; Linux x86_64) AppleWebKit/537.36 (KHTML, like Gecko) Chrome/56.0.2924.87 Safari/537.36 Google (+https://developers.google.com/+/web/snippet/)"
64.233.172.199 - - [08/Dec/2020:23:58:01 +0530] "GET /static/olfy/images/logo.gif HTTP/1.1" 200 4028081 "-" "Mozilla/5.0 (X11; Linux x86_64) AppleWebKit/537.36 (KHTML, like Gecko) Chrome/56.0.2924.87 Safari/537.36 Google (+https://developers.google.com/+/web/snippet/)"
64.233.172.195 - - [08/Dec/2020:23:58:01 +0530] "GET / HTTP/1.1" 301 0 "-" "Mozilla/5.0 (X11; Linux x86_64) AppleWebKit/537.36 (KHTML, like Gecko) Chrome/56.0.2924.87 Safari/537.36 Google (+https://developers.google.com/+/web/snippet/)"
64.233.172.195 - - [08/Dec/2020:23:58:02 +0530] "GET /olfy/ HTTP/1.1" 200 3181 "-" "Mozilla/5.0 (X11; Linux x86_64) AppleWebKit/537.36 (KHTML, like Gecko) Chrome/56.0.2924.87 Safari/537.36 Google (+https://developers.google.com/+/web/snippet/)"
64.233.172.199 - - [08/Dec/2020:23:58:03 +0530] "GET /olfy/ HTTP/1.1" 200 3181 "-" "Mozilla/5.0 (X11; Linux x86_64) AppleWebKit/537.36 (KHTML, like Gecko) Chrome/56.0.2924.87 Safari/537.36 Google (+https://developers.google.com/+/web/snippet/)"
66.102.9.107 - - [08/Dec/2020:23:58:04 +0530] "GET / HTTP/1.1" 301 0 "-" "Mozilla/5.0 (X11; Linux x86_64) AppleWebKit/537.36 (KHTML, like Gecko) Chrome/56.0.2924.87 Safari/537.36 Google (+https://developers.google.com/+/web/snippet/)"
66.102.9.107 - - [08/Dec/2020:23:58:04 +0530] "GET /olfy/ HTTP/1.1" 200 3181 "-" "Mozilla/5.0 (X11; Linux x86_64) AppleWebKit/537.36 (KHTML, like Gecko) Chrome/56.0.2924.87 Safari/537.36 Google (+https://developers.google.com/+/web/snippet/)"
66.102.9.107 - - [08/Dec/2020:23:58:08 +0530] "GET /static/olfy/images/logo.gif HTTP/1.1" 200 3787713 "-" "Mozilla/5.0 (X11; Linux x86_64) AppleWebKit/537.36 (KHTML, like Gecko) Chrome/56.0.2924.87 Safari/537.36 Google (+https://developers.google.com/+/web/snippet/)"
66.102.9.107 - - [08/Dec/2020:23:58:09 +0530] "GET /static/olfy/images/logo.gif HTTP/1.1" 200 3941201 "-" "Mozilla/5.0 (X11; Linux x86_64) AppleWebKit/537.36 (KHTML, like Gecko) Chrome/56.0.2924.87 Safari/537.36 Google (+https://developers.google.com/+/web/snippet/)"
64.233.172.195 - - [08/Dec/2020:23:58:11 +0530] "GET /static/olfy/images/logo.gif HTTP/1.1" 200 10769969 "-" "Mozilla/5.0 (X11; Linux x86_64) AppleWebKit/537.36 (KHTML, like Gecko) Chrome/56.0.2924.87 Safari/537.36 Google (+https://developers.google.com/+/web/snippet/)"
74.125.214.9 - - [08/Dec/2020:23:58:11 +0530] "GET / HTTP/1.1" 301 0 "-" "Mozilla/5.0 (X11; Linux x86_64) AppleWebKit/537.36 (KHTML, like Gecko) Chrome/56.0.2924.87 Safari/537.36 Google (+https://developers.google.com/+/web/snippet/)"
64.233.172.197 - - [08/Dec/2020:23:58:11 +0530] "GET /static/olfy/images/logo.gif HTTP/1.1" 200 10796033 "-" "Mozilla/5.0 (X11; Linux x86_64) AppleWebKit/537.36 (KHTML, like Gecko) Chrome/56.0.2924.87 Safari/537.36 Google (+https://developers.google.com/+/web/snippet/)"
74.125.214.11 - - [08/Dec/2020:23:58:11 +0530] "GET /olfy/ HTTP/1.1" 200 3181 "-" "Mozilla/5.0 (X11; Linux x86_64) AppleWebKit/537.36 (KHTML, like Gecko) Chrome/56.0.2924.87 Safari/537.36 Google (+https://developers.google.com/+/web/snippet/)"
64.233.172.199 - - [08/Dec/2020:23:58:11 +0530] "GET /static/olfy/images/logo.gif HTTP/1.1" 200 10752593 "-" "Mozilla/5.0 (X11; Linux x86_64) AppleWebKit/537.36 (KHTML, like Gecko) Chrome/56.0.2924.87 Safari/537.36 Google (+https://developers.google.com/+/web/snippet/)"
66.102.9.105 - - [08/Dec/2020:23:58:15 +0530] "GET /static/olfy/images/logo.gif HTTP/1.1" 200 3944097 "-" "Mozilla/5.0 (X11; Linux x86_64) AppleWebKit/537.36 (KHTML, like Gecko) Chrome/56.0.2924.87 Safari/537.36 Google (+https://developers.google.com/+/web/snippet/)"
64.233.172.197 - - [08/Dec/2020:23:58:15 +0530] "GET /static/olfy/images/logo.gif HTTP/1.1" 200 10769969 "-" "Mozilla/5.0 (X11; Linux x86_64) AppleWebKit/537.36 (KHTML, like Gecko) Chrome/56.0.2924.87 Safari/537.36 Google (+https://developers.google.com/+/web/snippet/)"
64.233.172.199 - - [08/Dec/2020:23:58:17 +0530] "GET / HTTP/1.1" 301 0 "-" "Mozilla/5.0 (X11; Linux x86_64) AppleWebKit/537.36 (KHTML, like Gecko) Chrome/56.0.2924.87 Safari/537.36 Google (+https://developers.google.com/+/web/snippet/)"
64.233.172.195 - - [08/Dec/2020:23:58:18 +0530] "GET /olfy/ HTTP/1.1" 200 3181 "-" "Mozilla/5.0 (X11; Linux x86_64) AppleWebKit/537.36 (KHTML, like Gecko) Chrome/56.0.2924.87 Safari/537.36 Google (+https://developers.google.com/+/web/snippet/)"
66.102.9.107 - - [08/Dec/2020:23:58:18 +0530] "GET /static/olfy/images/logo.gif HTTP/1.1" 200 3779025 "-" "Mozilla/5.0 (X11; Linux x86_64) AppleWebKit/537.36 (KHTML, like Gecko) Chrome/56.0.2924.87 Safari/537.36 Google (+https://developers.google.com/+/web/snippet/)"
64.233.172.199 - - [08/Dec/2020:23:58:18 +0530] "GET / HTTP/1.1" 301 0 "-" "Mozilla/5.0 (X11; Linux x86_64) AppleWebKit/537.36 (KHTML, like Gecko) Chrome/56.0.2924.87 Safari/537.36 Google (+https://developers.google.com/+/web/snippet/)"
64.233.172.199 - - [08/Dec/2020:23:58:19 +0530] "GET /static/olfy/images/logo.gif HTTP/1.1" 200 10830785 "-" "Mozilla/5.0 (X11; Linux x86_64) AppleWebKit/537.36 (KHTML, like Gecko) Chrome/56.0.2924.87 Safari/537.36 Google (+https://developers.google.com/+/web/snippet/)"
64.233.172.195 - - [08/Dec/2020:23:58:19 +0530] "GET /olfy/ HTTP/1.1" 200 3181 "-" "Mozilla/5.0 (X11; Linux x86_64) AppleWebKit/537.36 (KHTML, like Gecko) Chrome/56.0.2924.87 Safari/537.36 Google (+https://developers.google.com/+/web/snippet/)"
64.233.172.199 - - [08/Dec/2020:23:58:20 +0530] "GET /static/olfy/images/logo.gif HTTP/1.1" 200 10796033 "-" "Mozilla/5.0 (X11; Linux x86_64) AppleWebKit/537.36 (KHTML, like Gecko) Chrome/56.0.2924.87 Safari/537.36 Google (+https://developers.google.com/+/web/snippet/)"
64.233.172.197 - - [08/Dec/2020:23:58:23 +0530] "GET /static/olfy/images/logo.gif HTTP/1.1" 200 10787345 "-" "Mozilla/5.0 (X11; Linux x86_64) AppleWebKit/537.36 (KHTML, like Gecko) Chrome/56.0.2924.87 Safari/537.36 Google (+https://developers.google.com/+/web/snippet/)"
64.233.172.199 - - [08/Dec/2020:23:58:24 +0530] "GET /static/olfy/images/logo.gif HTTP/1.1" 200 10813409 "-" "Mozilla/5.0 (X11; Linux x86_64) AppleWebKit/537.36 (KHTML, like Gecko) Chrome/56.0.2924.87 Safari/537.36 Google (+https://developers.google.com/+/web/snippet/)"
74.125.214.7 - - [08/Dec/2020:23:58:29 +0530] "GET /static/olfy/images/logo.gif HTTP/1.1" 200 10830785 "-" "Mozilla/5.0 (X11; Linux x86_64) AppleWebKit/537.36 (KHTML, like Gecko) Chrome/56.0.2924.87 Safari/537.36 Google (+https://developers.google.com/+/web/snippet/)"
64.233.172.197 - - [08/Dec/2020:23:58:32 +0530] "GET /static/olfy/images/logo.gif HTTP/1.1" 200 10830785 "-" "Mozilla/5.0 (X11; Linux x86_64) AppleWebKit/537.36 (KHTML, like Gecko) Chrome/56.0.2924.87 Safari/537.36 Google (+https://developers.google.com/+/web/snippet/)"
64.233.172.199 - - [08/Dec/2020:23:58:33 +0530] "GET /static/olfy/images/logo.gif HTTP/1.1" 200 10761281 "-" "Mozilla/5.0 (X11; Linux x86_64) AppleWebKit/537.36 (KHTML, like Gecko) Chrome/56.0.2924.87 Safari/537.36 Google (+https://developers.google.com/+/web/snippet/)"
64.233.172.195 - - [08/Dec/2020:23:58:36 +0530] "GET /static/olfy/images/logo.gif HTTP/1.1" 200 10813409 "-" "Mozilla/5.0 (X11; Linux x86_64) AppleWebKit/537.36 (KHTML, like Gecko) Chrome/56.0.2924.87 Safari/537.36 Google (+https://developers.google.com/+/web/snippet/)"
64.233.172.199 - - [08/Dec/2020:23:58:37 +0530] "GET /static/olfy/images/logo.gif HTTP/1.1" 200 10830785 "-" "Mozilla/5.0 (X11; Linux x86_64) AppleWebKit/537.36 (KHTML, like Gecko) Chrome/56.0.2924.87 Safari/537.36 Google (+https://developers.google.com/+/web/snippet/)"
64.233.172.199 - - [08/Dec/2020:23:58:38 +0530] "GET /static/olfy/images/logo.gif HTTP/1.1" 200 10822097 "-" "Mozilla/5.0 (X11; Linux x86_64) AppleWebKit/537.36 (KHTML, like Gecko) Chrome/56.0.2924.87 Safari/537.36 Google (+https://developers.google.com/+/web/snippet/)"
64.233.172.195 - - [08/Dec/2020:23:58:42 +0530] "GET /static/olfy/images/logo.gif HTTP/1.1" 200 10833681 "-" "Mozilla/5.0 (X11; Linux x86_64) AppleWebKit/537.36 (KHTML, like Gecko) Chrome/56.0.2924.87 Safari/537.36 Google (+https://developers.google.com/+/web/snippet/)"
64.233.172.199 - - [08/Dec/2020:23:58:44 +0530] "GET /static/olfy/images/logo.gif HTTP/1.1" 200 10822097 "-" "Mozilla/5.0 (X11; Linux x86_64) AppleWebKit/537.36 (KHTML, like Gecko) Chrome/56.0.2924.87 Safari/537.36 Google (+https://developers.google.com/+/web/snippet/)"
64.233.172.197 - - [08/Dec/2020:23:58:46 +0530] "GET /static/olfy/images/logo.gif HTTP/1.1" 200 10796033 "-" "Mozilla/5.0 (X11; Linux x86_64) AppleWebKit/537.36 (KHTML, like Gecko) Chrome/56.0.2924.87 Safari/537.36 Google (+https://developers.google.com/+/web/snippet/)"
64.233.172.197 - - [08/Dec/2020:23:58:49 +0530] "GET /static/olfy/images/logo.gif HTTP/1.1" 200 3098465 "-" "Mozilla/5.0 (X11; Linux x86_64) AppleWebKit/537.36 (KHTML, like Gecko) Chrome/56.0.2924.87 Safari/537.36 Google (+https://developers.google.com/+/web/snippet/)"
64.233.172.195 - - [08/Dec/2020:23:58:50 +0530] "GET /static/olfy/images/logo.gif HTTP/1.1" 200 10787345 "-" "Mozilla/5.0 (X11; Linux x86_64) AppleWebKit/537.36 (KHTML, like Gecko) Chrome/56.0.2924.87 Safari/537.36 Google (+https://developers.google.com/+/web/snippet/)"
64.233.172.199 - - [08/Dec/2020:23:58:52 +0530] "GET /static/olfy/images/logo.gif HTTP/1.1" 200 10796033 "-" "Mozilla/5.0 (X11; Linux x86_64) AppleWebKit/537.36 (KHTML, like Gecko) Chrome/56.0.2924.87 Safari/537.36 Google (+https://developers.google.com/+/web/snippet/)"
74.125.214.11 - - [08/Dec/2020:23:58:53 +0530] "GET /static/olfy/images/logo.gif HTTP/1.1" 200 10787345 "-" "Mozilla/5.0 (X11; Linux x86_64) AppleWebKit/537.36 (KHTML, like Gecko) Chrome/56.0.2924.87 Safari/537.36 Google (+https://developers.google.com/+/web/snippet/)"
64.233.172.195 - - [08/Dec/2020:23:58:58 +0530] "GET /static/olfy/images/logo.gif HTTP/1.1" 200 10787345 "-" "Mozilla/5.0 (X11; Linux x86_64) AppleWebKit/537.36 (KHTML, like Gecko) Chrome/56.0.2924.87 Safari/537.36 Google (+https://developers.google.com/+/web/snippet/)"
192.168.1.99 - - [08/Dec/2020:23:59:01 +0530] "GET /olfy/models HTTP/1.1" 200 3914 "http://odorify.ahujalab.iiitd.edu.in/olfy/results" "Mozilla/5.0 (X11; Linux x86_64) AppleWebKit/537.36 (KHTML, like Gecko) Chrome/77.0.3865.90 Safari/537.36"
74.125.214.9 - - [08/Dec/2020:23:59:02 +0530] "GET /static/olfy/images/logo.gif HTTP/1.1" 200 2472929 "-" "Mozilla/5.0 (X11; Linux x86_64) AppleWebKit/537.36 (KHTML, like Gecko) Chrome/56.0.2924.87 Safari/537.36 Google (+https://developers.google.com/+/web/snippet/)"
74.125.214.9 - - [08/Dec/2020:23:59:02 +0530] "GET /static/olfy/images/logo.gif HTTP/1.1" 200 10761281 "-" "Mozilla/5.0 (X11; Linux x86_64) AppleWebKit/537.36 (KHTML, like Gecko) Chrome/56.0.2924.87 Safari/537.36 Google (+https://developers.google.com/+/web/snippet/)"
192.168.1.99 - - [08/Dec/2020:23:59:03 +0530] "GET /olfy/help HTTP/1.1" 200 5957 "http://odorify.ahujalab.iiitd.edu.in/olfy/models" "Mozilla/5.0 (X11; Linux x86_64) AppleWebKit/537.36 (KHTML, like Gecko) Chrome/77.0.3865.90 Safari/537.36"
192.168.1.99 - - [08/Dec/2020:23:59:03 +0530] "GET /static/olfy/images/homepage.png HTTP/1.1" 200 68645 "http://odorify.ahujalab.iiitd.edu.in/olfy/help" "Mozilla/5.0 (X11; Linux x86_64) AppleWebKit/537.36 (KHTML, like Gecko) Chrome/77.0.3865.90 Safari/537.36"
192.168.1.99 - - [08/Dec/2020:23:59:04 +0530] "GET /static/olfy/images/m1.png HTTP/1.1" 200 42836 "http://odorify.ahujalab.iiitd.edu.in/olfy/help" "Mozilla/5.0 (X11; Linux x86_64) AppleWebKit/537.36 (KHTML, like Gecko) Chrome/77.0.3865.90 Safari/537.36"
192.168.1.99 - - [08/Dec/2020:23:59:04 +0530] "GET /static/olfy/images/m2.png HTTP/1.1" 200 46189 "http://odorify.ahujalab.iiitd.edu.in/olfy/help" "Mozilla/5.0 (X11; Linux x86_64) AppleWebKit/537.36 (KHTML, like Gecko) Chrome/77.0.3865.90 Safari/537.36"
192.168.1.99 - - [08/Dec/2020:23:59:04 +0530] "GET /static/olfy/images/m3.png HTTP/1.1" 200 34901 "http://odorify.ahujalab.iiitd.edu.in/olfy/help" "Mozilla/5.0 (X11; Linux x86_64) AppleWebKit/537.36 (KHTML, like Gecko) Chrome/77.0.3865.90 Safari/537.36"
192.168.1.99 - - [08/Dec/2020:23:59:04 +0530] "GET /static/olfy/images/m4.png HTTP/1.1" 200 29222 "http://odorify.ahujalab.iiitd.edu.in/olfy/help" "Mozilla/5.0 (X11; Linux x86_64) AppleWebKit/537.36 (KHTML, like Gecko) Chrome/77.0.3865.90 Safari/537.36"
74.125.214.11 - - [08/Dec/2020:23:59:04 +0530] "GET /static/olfy/images/logo.gif HTTP/1.1" 200 10813409 "-" "Mozilla/5.0 (X11; Linux x86_64) AppleWebKit/537.36 (KHTML, like Gecko) Chrome/56.0.2924.87 Safari/537.36 Google (+https://developers.google.com/+/web/snippet/)"
192.168.1.99 - - [08/Dec/2020:23:59:04 +0530] "GET /static/olfy/images/email.jpg HTTP/1.1" 200 36450 "http://odorify.ahujalab.iiitd.edu.in/olfy/help" "Mozilla/5.0 (X11; Linux x86_64) AppleWebKit/537.36 (KHTML, like Gecko) Chrome/77.0.3865.90 Safari/537.36"
192.168.1.99 - - [08/Dec/2020:23:59:04 +0530] "GET /static/olfy/images/m4_results.png HTTP/1.1" 200 39754 "http://odorify.ahujalab.iiitd.edu.in/olfy/help" "Mozilla/5.0 (X11; Linux x86_64) AppleWebKit/537.36 (KHTML, like Gecko) Chrome/77.0.3865.90 Safari/537.36"
192.168.1.99 - - [08/Dec/2020:23:59:04 +0530] "GET /static/olfy/images/history.png HTTP/1.1" 200 20361 "http://odorify.ahujalab.iiitd.edu.in/olfy/help" "Mozilla/5.0 (X11; Linux x86_64) AppleWebKit/537.36 (KHTML, like Gecko) Chrome/77.0.3865.90 Safari/537.36"
192.168.1.99 - - [08/Dec/2020:23:59:04 +0530] "GET /static/olfy/images/zip.jpg HTTP/1.1" 200 29332 "http://odorify.ahujalab.iiitd.edu.in/olfy/help" "Mozilla/5.0 (X11; Linux x86_64) AppleWebKit/537.36 (KHTML, like Gecko) Chrome/77.0.3865.90 Safari/537.36"
192.168.1.99 - - [08/Dec/2020:23:59:04 +0530] "GET /static/olfy/images/models_homepage.png HTTP/1.1" 200 976785 "http://odorify.ahujalab.iiitd.edu.in/olfy/help" "Mozilla/5.0 (X11; Linux x86_64) AppleWebKit/537.36 (KHTML, like Gecko) Chrome/77.0.3865.90 Safari/537.36"
192.168.1.99 - - [08/Dec/2020:23:59:04 +0530] "GET /static/olfy/tutorialVideo.mp4 HTTP/1.1" 206 637695 "http://odorify.ahujalab.iiitd.edu.in/olfy/help" "Mozilla/5.0 (X11; Linux x86_64) AppleWebKit/537.36 (KHTML, like Gecko) Chrome/77.0.3865.90 Safari/537.36"
192.168.1.99 - - [08/Dec/2020:23:59:04 +0530] "GET /static/olfy/tutorialVideo.mp4 HTTP/1.1" 206 167668 "http://odorify.ahujalab.iiitd.edu.in/olfy/help" "Mozilla/5.0 (X11; Linux x86_64) AppleWebKit/537.36 (KHTML, like Gecko) Chrome/77.0.3865.90 Safari/537.36"
64.233.172.199 - - [08/Dec/2020:23:59:05 +0530] "GET /static/olfy/images/logo.gif HTTP/1.1" 200 10804721 "-" "Mozilla/5.0 (X11; Linux x86_64) AppleWebKit/537.36 (KHTML, like Gecko) Chrome/56.0.2924.87 Safari/537.36 Google (+https://developers.google.com/+/web/snippet/)"
64.233.172.197 - - [08/Dec/2020:23:59:09 +0530] "GET /static/olfy/images/logo.gif HTTP/1.1" 200 10761281 "-" "Mozilla/5.0 (X11; Linux x86_64) AppleWebKit/537.36 (KHTML, like Gecko) Chrome/56.0.2924.87 Safari/537.36 Google (+https://developers.google.com/+/web/snippet/)"
192.168.1.99 - - [08/Dec/2020:23:59:09 +0530] "GET /static/olfy/tutorialVideo.mp4 HTTP/1.1" 206 4707742 "http://odorify.ahujalab.iiitd.edu.in/olfy/help" "Mozilla/5.0 (X11; Linux x86_64) AppleWebKit/537.36 (KHTML, like Gecko) Chrome/77.0.3865.90 Safari/537.36"
192.168.1.99 - - [08/Dec/2020:23:59:09 +0530] "GET /static/olfy/tutorialVideo.mp4 HTTP/1.1" 206 174177 "http://odorify.ahujalab.iiitd.edu.in/olfy/help" "Mozilla/5.0 (X11; Linux x86_64) AppleWebKit/537.36 (KHTML, like Gecko) Chrome/77.0.3865.90 Safari/537.36"
192.168.1.99 - - [08/Dec/2020:23:59:10 +0530] "GET /static/olfy/tutorialVideo.mp4 HTTP/1.1" 206 375987 "http://odorify.ahujalab.iiitd.edu.in/olfy/help" "Mozilla/5.0 (X11; Linux x86_64) AppleWebKit/537.36 (KHTML, like Gecko) Chrome/77.0.3865.90 Safari/537.36"
192.168.1.99 - - [08/Dec/2020:23:59:10 +0530] "GET /static/olfy/tutorialVideo.mp4 HTTP/1.1" 206 208029 "http://odorify.ahujalab.iiitd.edu.in/olfy/help" "Mozilla/5.0 (X11; Linux x86_64) AppleWebKit/537.36 (KHTML, like Gecko) Chrome/77.0.3865.90 Safari/537.36"
192.168.1.99 - - [08/Dec/2020:23:59:10 +0530] "GET /static/olfy/tutorialVideo.mp4 HTTP/1.1" 206 1192673 "http://odorify.ahujalab.iiitd.edu.in/olfy/help" "Mozilla/5.0 (X11; Linux x86_64) AppleWebKit/537.36 (KHTML, like Gecko) Chrome/77.0.3865.90 Safari/537.36"
192.168.1.99 - - [08/Dec/2020:23:59:11 +0530] "GET /static/olfy/tutorialVideo.mp4 HTTP/1.1" 206 163762 "http://odorify.ahujalab.iiitd.edu.in/olfy/help" "Mozilla/5.0 (X11; Linux x86_64) AppleWebKit/537.36 (KHTML, like Gecko) Chrome/77.0.3865.90 Safari/537.36"
192.168.1.99 - - [08/Dec/2020:23:59:11 +0530] "GET /static/olfy/tutorialVideo.mp4 HTTP/1.1" 206 176865 "http://odorify.ahujalab.iiitd.edu.in/olfy/help" "Mozilla/5.0 (X11; Linux x86_64) AppleWebKit/537.36 (KHTML, like Gecko) Chrome/77.0.3865.90 Safari/537.36"
64.233.172.195 - - [08/Dec/2020:23:59:11 +0530] "GET /static/olfy/images/logo.gif HTTP/1.1" 200 10761281 "-" "Mozilla/5.0 (X11; Linux x86_64) AppleWebKit/537.36 (KHTML, like Gecko) Chrome/56.0.2924.87 Safari/537.36 Google (+https://developers.google.com/+/web/snippet/)"
74.125.214.11 - - [08/Dec/2020:23:59:15 +0530] "GET /static/olfy/images/logo.gif HTTP/1.1" 200 10848161 "-" "Mozilla/5.0 (X11; Linux x86_64) AppleWebKit/537.36 (KHTML, like Gecko) Chrome/56.0.2924.87 Safari/537.36 Google (+https://developers.google.com/+/web/snippet/)"
192.168.1.99 - - [08/Dec/2020:23:59:16 +0530] "GET /olfy/models HTTP/1.1" 200 3914 "http://odorify.ahujalab.iiitd.edu.in/olfy/help" "Mozilla/5.0 (X11; Linux x86_64) AppleWebKit/537.36 (KHTML, like Gecko) Chrome/77.0.3865.90 Safari/537.36"
74.125.214.7 - - [08/Dec/2020:23:59:30 +0530] "GET /static/olfy/images/logo.gif HTTP/1.1" 200 10743905 "-" "Mozilla/5.0 (X11; Linux x86_64) AppleWebKit/537.36 (KHTML, like Gecko) Chrome/56.0.2924.87 Safari/537.36 Google (+https://developers.google.com/+/web/snippet/)"
64.233.172.197 - - [08/Dec/2020:23:59:36 +0530] "GET /static/olfy/images/logo.gif HTTP/1.1" 200 10856849 "-" "Mozilla/5.0 (X11; Linux x86_64) AppleWebKit/537.36 (KHTML, like Gecko) Chrome/56.0.2924.87 Safari/537.36 Google (+https://developers.google.com/+/web/snippet/)"
74.125.214.11 - - [08/Dec/2020:23:59:41 +0530] "GET /static/olfy/images/logo.gif HTTP/1.1" 200 10796033 "-" "Mozilla/5.0 (X11; Linux x86_64) AppleWebKit/537.36 (KHTML, like Gecko) Chrome/56.0.2924.87 Safari/537.36 Google (+https://developers.google.com/+/web/snippet/)"
74.125.214.9 - - [08/Dec/2020:23:59:43 +0530] "GET /static/olfy/images/logo.gif HTTP/1.1" 200 10848161 "-" "Mozilla/5.0 (X11; Linux x86_64) AppleWebKit/537.36 (KHTML, like Gecko) Chrome/56.0.2924.87 Safari/537.36 Google (+https://developers.google.com/+/web/snippet/)"
74.125.214.11 - - [08/Dec/2020:23:59:46 +0530] "GET /static/olfy/images/logo.gif HTTP/1.1" 200 10778657 "-" "Mozilla/5.0 (X11; Linux x86_64) AppleWebKit/537.36 (KHTML, like Gecko) Chrome/56.0.2924.87 Safari/537.36 Google (+https://developers.google.com/+/web/snippet/)"
74.125.214.11 - - [08/Dec/2020:23:59:46 +0530] "GET /static/olfy/images/logo.gif HTTP/1.1" 200 10830785 "-" "Mozilla/5.0 (X11; Linux x86_64) AppleWebKit/537.36 (KHTML, like Gecko) Chrome/56.0.2924.87 Safari/537.36 Google (+https://developers.google.com/+/web/snippet/)"
64.233.172.199 - - [08/Dec/2020:23:59:47 +0530] "GET /static/olfy/images/logo.gif HTTP/1.1" 200 10769969 "-" "Mozilla/5.0 (X11; Linux x86_64) AppleWebKit/537.36 (KHTML, like Gecko) Chrome/56.0.2924.87 Safari/537.36 Google (+https://developers.google.com/+/web/snippet/)"
64.233.172.199 - - [08/Dec/2020:23:59:48 +0530] "GET /static/olfy/images/logo.gif HTTP/1.1" 200 10761281 "-" "Mozilla/5.0 (X11; Linux x86_64) AppleWebKit/537.36 (KHTML, like Gecko) Chrome/56.0.2924.87 Safari/537.36 Google (+https://developers.google.com/+/web/snippet/)"
74.125.214.7 - - [08/Dec/2020:23:59:50 +0530] "GET /static/olfy/images/logo.gif HTTP/1.1" 200 10804721 "-" "Mozilla/5.0 (X11; Linux x86_64) AppleWebKit/537.36 (KHTML, like Gecko) Chrome/56.0.2924.87 Safari/537.36 Google (+https://developers.google.com/+/web/snippet/)"
64.233.172.197 - - [08/Dec/2020:23:59:54 +0530] "GET /static/olfy/images/logo.gif HTTP/1.1" 200 10848161 "-" "Mozilla/5.0 (X11; Linux x86_64) AppleWebKit/537.36 (KHTML, like Gecko) Chrome/56.0.2924.87 Safari/537.36 Google (+https://developers.google.com/+/web/snippet/)"
74.125.214.7 - - [08/Dec/2020:23:59:59 +0530] "GET /static/olfy/images/logo.gif HTTP/1.1" 200 10839473 "-" "Mozilla/5.0 (X11; Linux x86_64) AppleWebKit/537.36 (KHTML, like Gecko) Chrome/56.0.2924.87 Safari/537.36 Google (+https://developers.google.com/+/web/snippet/)"
64.233.172.197 - - [09/Dec/2020:00:00:03 +0530] "GET /static/olfy/images/logo.gif HTTP/1.1" 200 10848161 "-" "Mozilla/5.0 (X11; Linux x86_64) AppleWebKit/537.36 (KHTML, like Gecko) Chrome/56.0.2924.87 Safari/537.36 Google (+https://developers.google.com/+/web/snippet/)"
192.168.1.99 - - [09/Dec/2020:00:00:04 +0530] "GET /olfy/results HTTP/1.1" 200 5935 "http://odorify.ahujalab.iiitd.edu.in/olfy/odor" "Mozilla/5.0 (X11; Linux x86_64) AppleWebKit/537.36 (KHTML, like Gecko) Chrome/77.0.3865.90 Safari/537.36"
64.233.172.195 - - [09/Dec/2020:00:00:06 +0530] "GET /static/olfy/images/logo.gif HTTP/1.1" 200 10822097 "-" "Mozilla/5.0 (X11; Linux x86_64) AppleWebKit/537.36 (KHTML, like Gecko) Chrome/56.0.2924.87 Safari/537.36 Google (+https://developers.google.com/+/web/snippet/)"
192.168.1.99 - - [09/Dec/2020:00:00:07 +0530] "GET /olfy/queue HTTP/1.1" 200 4003 "http://odorify.ahujalab.iiitd.edu.in/olfy/results" "Mozilla/5.0 (X11; Linux x86_64) AppleWebKit/537.36 (KHTML, like Gecko) Chrome/77.0.3865.90 Safari/537.36"
74.125.214.9 - - [09/Dec/2020:00:00:13 +0530] "GET /static/olfy/images/logo.gif HTTP/1.1" 200 10761281 "-" "Mozilla/5.0 (X11; Linux x86_64) AppleWebKit/537.36 (KHTML, like Gecko) Chrome/56.0.2924.87 Safari/537.36 Google (+https://developers.google.com/+/web/snippet/)"
192.168.1.99 - - [09/Dec/2020:00:00:14 +0530] "GET /olfy/results/job_or_finder/2/3/0 HTTP/1.1" 200 8261 "http://odorify.ahujalab.iiitd.edu.in/olfy/queue" "Mozilla/5.0 (X11; Linux x86_64) AppleWebKit/537.36 (KHTML, like Gecko) Chrome/77.0.3865.90 Safari/537.36"
