192.168.1.99 - - [09/Dec/2020:00:00:21 +0530] "GET /olfy/queue HTTP/1.1" 200 4003 "http://odorify.ahujalab.iiitd.edu.in/olfy/results/job_or_finder/2/3/0" "Mozilla/5.0 (X11; Linux x86_64) AppleWebKit/537.36 (KHTML, like Gecko) Chrome/77.0.3865.90 Safari/537.36"
192.168.1.99 - - [09/Dec/2020:00:00:29 +0530] "GET /olfy/results/job_odor_finder/3/2/0 HTTP/1.1" 200 5935 "http://odorify.ahujalab.iiitd.edu.in/olfy/queue" "Mozilla/5.0 (X11; Linux x86_64) AppleWebKit/537.36 (KHTML, like Gecko) Chrome/77.0.3865.90 Safari/537.36"
192.168.1.99 - - [09/Dec/2020:00:00:35 +0530] "GET /static/olfy/generated//1701310413/m3/job_odor_finder/1/1_SequenceInterpretability.pdf HTTP/1.1" 200 36976 "http://odorify.ahujalab.iiitd.edu.in/olfy/results/job_odor_finder/3/2/0" "Mozilla/5.0 (X11; Linux x86_64) AppleWebKit/537.36 (KHTML, like Gecko) Chrome/77.0.3865.90 Safari/537.36"
192.168.1.99 - - [09/Dec/2020:00:00:39 +0530] "GET /static/olfy/generated//1701310413/m3/job_odor_finder/1/6_SmileInterpretability.png HTTP/1.1" 200 38759 "http://odorify.ahujalab.iiitd.edu.in/olfy/results/job_odor_finder/3/2/0" "Mozilla/5.0 (X11; Linux x86_64) AppleWebKit/537.36 (KHTML, like Gecko) Chrome/77.0.3865.90 Safari/537.36"
192.168.1.99 - - [09/Dec/2020:00:00:41 +0530] "GET /static/olfy/generated//1701310413/m3/job_odor_finder/1/10_SmileInterpretability.png HTTP/1.1" 200 40019 "http://odorify.ahujalab.iiitd.edu.in/olfy/results/job_odor_finder/3/2/0" "Mozilla/5.0 (X11; Linux x86_64) AppleWebKit/537.36 (KHTML, like Gecko) Chrome/77.0.3865.90 Safari/537.36"
192.168.1.99 - - [09/Dec/2020:00:00:44 +0530] "GET /static/olfy/generated//1701310413/m3/job_odor_finder/2/1_SmileInterpretability.png HTTP/1.1" 200 41767 "http://odorify.ahujalab.iiitd.edu.in/olfy/results/job_odor_finder/3/2/0" "Mozilla/5.0 (X11; Linux x86_64) AppleWebKit/537.36 (KHTML, like Gecko) Chrome/77.0.3865.90 Safari/537.36"
192.168.1.99 - - [09/Dec/2020:00:00:46 +0530] "GET /static/olfy/generated//1701310413/m3/job_odor_finder/2/8_SmileInterpretability.png HTTP/1.1" 200 41162 "http://odorify.ahujalab.iiitd.edu.in/olfy/results/job_odor_finder/3/2/0" "Mozilla/5.0 (X11; Linux x86_64) AppleWebKit/537.36 (KHTML, like Gecko) Chrome/77.0.3865.90 Safari/537.36"
192.168.1.99 - - [09/Dec/2020:00:00:50 +0530] "GET /static/olfy/generated//1701310413/m3/job_odor_finder/2/10_SmileInterpretability.png HTTP/1.1" 200 41476 "http://odorify.ahujalab.iiitd.edu.in/olfy/results/job_odor_finder/3/2/0" "Mozilla/5.0 (X11; Linux x86_64) AppleWebKit/537.36 (KHTML, like Gecko) Chrome/77.0.3865.90 Safari/537.36"
192.168.1.99 - - [09/Dec/2020:00:00:53 +0530] "GET /static/olfy/generated//1701310413/m3/job_odor_finder/1/1_mol.svg HTTP/1.1" 200 6430 "http://odorify.ahujalab.iiitd.edu.in/olfy/results/job_odor_finder/3/2/0" "Mozilla/5.0 (X11; Linux x86_64) AppleWebKit/537.36 (KHTML, like Gecko) Chrome/77.0.3865.90 Safari/537.36"
192.168.1.99 - - [09/Dec/2020:00:00:56 +0530] "GET /static/olfy/generated//1701310413/m3/job_odor_finder/1/9_mol.svg HTTP/1.1" 200 8048 "http://odorify.ahujalab.iiitd.edu.in/olfy/results/job_odor_finder/3/2/0" "Mozilla/5.0 (X11; Linux x86_64) AppleWebKit/537.36 (KHTML, like Gecko) Chrome/77.0.3865.90 Safari/537.36"
23.94.160.31 - - [09/Dec/2020:00:02:00 +0530] "POST /boaform/admin/formLogin HTTP/1.1" 404 999 "http://103.25.231.62:80/admin/login.asp" "Mozilla/5.0 (X11; Ubuntu; Linux x86_64; rv:71.0) Gecko/20100101 Firefox/71.0"
103.57.85.133 - - [09/Dec/2020:00:04:20 +0530] "GET /olfy/ HTTP/1.1" 200 3181 "-" "Mozilla/5.0 (Windows NT 10.0; Win64; x64) AppleWebKit/537.36 (KHTML, like Gecko) Chrome/87.0.4280.88 Safari/537.36"
103.57.85.133 - - [09/Dec/2020:00:04:20 +0530] "GET /olfy/ HTTP/1.1" 200 3181 "-" "Mozilla/5.0 (Windows NT 10.0; Win64; x64) AppleWebKit/537.36 (KHTML, like Gecko) Chrome/87.0.4280.88 Safari/537.36"
103.57.85.133 - - [09/Dec/2020:00:04:22 +0530] "GET /olfy/ HTTP/1.1" 200 3181 "-" "Mozilla/5.0 (Windows NT 10.0; Win64; x64) AppleWebKit/537.36 (KHTML, like Gecko) Chrome/87.0.4280.88 Safari/537.36"
103.57.85.133 - - [09/Dec/2020:00:04:22 +0530] "GET /static/olfy/styles/style.css HTTP/1.1" 200 31026 "http://odorify.ahujalab.iiitd.edu.in/olfy/" "Mozilla/5.0 (Windows NT 10.0; Win64; x64) AppleWebKit/537.36 (KHTML, like Gecko) Chrome/87.0.4280.88 Safari/537.36"
103.57.85.133 - - [09/Dec/2020:00:04:27 +0530] "GET /olfy/models HTTP/1.1" 200 3914 "http://odorify.ahujalab.iiitd.edu.in/olfy/" "Mozilla/5.0 (Windows NT 10.0; Win64; x64) AppleWebKit/537.36 (KHTML, like Gecko) Chrome/87.0.4280.88 Safari/537.36"
103.57.85.133 - - [09/Dec/2020:00:04:27 +0530] "GET /static/olfy/images/logo.gif HTTP/1.1" 200 6573665 "http://odorify.ahujalab.iiitd.edu.in/olfy/" "Mozilla/5.0 (Windows NT 10.0; Win64; x64) AppleWebKit/537.36 (KHTML, like Gecko) Chrome/87.0.4280.88 Safari/537.36"
103.57.85.133 - - [09/Dec/2020:00:04:27 +0530] "GET /static/olfy/images/logo-nose.png HTTP/1.1" 200 74739 "http://odorify.ahujalab.iiitd.edu.in/olfy/models" "Mozilla/5.0 (Windows NT 10.0; Win64; x64) AppleWebKit/537.36 (KHTML, like Gecko) Chrome/87.0.4280.88 Safari/537.36"
103.57.85.133 - - [09/Dec/2020:00:04:27 +0530] "GET /static/olfy/images/logo.gif HTTP/1.1" 206 1 "http://odorify.ahujalab.iiitd.edu.in/olfy/models" "Mozilla/5.0 (Windows NT 10.0; Win64; x64) AppleWebKit/537.36 (KHTML, like Gecko) Chrome/87.0.4280.88 Safari/537.36"
103.57.85.133 - - [09/Dec/2020:00:04:29 +0530] "GET /olfy/contact HTTP/1.1" 200 3719 "http://odorify.ahujalab.iiitd.edu.in/olfy/models" "Mozilla/5.0 (Windows NT 10.0; Win64; x64) AppleWebKit/537.36 (KHTML, like Gecko) Chrome/87.0.4280.88 Safari/537.36"
103.57.85.133 - - [09/Dec/2020:00:04:29 +0530] "GET /static/olfy/images/logo.gif HTTP/1.1" 206 1968987 "http://odorify.ahujalab.iiitd.edu.in/olfy/models" "Mozilla/5.0 (Windows NT 10.0; Win64; x64) AppleWebKit/537.36 (KHTML, like Gecko) Chrome/87.0.4280.88 Safari/537.36"
103.57.85.133 - - [09/Dec/2020:00:04:29 +0530] "GET /static/olfy/images/logo.gif HTTP/1.1" 206 1 "http://odorify.ahujalab.iiitd.edu.in/olfy/contact" "Mozilla/5.0 (Windows NT 10.0; Win64; x64) AppleWebKit/537.36 (KHTML, like Gecko) Chrome/87.0.4280.88 Safari/537.36"
103.57.85.133 - - [09/Dec/2020:00:04:29 +0530] "GET /olfy/about HTTP/1.1" 200 4601 "http://odorify.ahujalab.iiitd.edu.in/olfy/contact" "Mozilla/5.0 (Windows NT 10.0; Win64; x64) AppleWebKit/537.36 (KHTML, like Gecko) Chrome/87.0.4280.88 Safari/537.36"
103.57.85.133 - - [09/Dec/2020:00:04:30 +0530] "GET /static/olfy/images/logo.gif HTTP/1.1" 206 509403 "http://odorify.ahujalab.iiitd.edu.in/olfy/contact" "Mozilla/5.0 (Windows NT 10.0; Win64; x64) AppleWebKit/537.36 (KHTML, like Gecko) Chrome/87.0.4280.88 Safari/537.36"
103.57.85.133 - - [09/Dec/2020:00:04:30 +0530] "GET /static/olfy/images/Sengupta.png HTTP/1.1" 200 259024 "http://odorify.ahujalab.iiitd.edu.in/olfy/about" "Mozilla/5.0 (Windows NT 10.0; Win64; x64) AppleWebKit/537.36 (KHTML, like Gecko) Chrome/87.0.4280.88 Safari/537.36"
103.57.85.133 - - [09/Dec/2020:00:04:30 +0530] "GET /static/olfy/images/logo.gif HTTP/1.1" 206 1 "http://odorify.ahujalab.iiitd.edu.in/olfy/about" "Mozilla/5.0 (Windows NT 10.0; Win64; x64) AppleWebKit/537.36 (KHTML, like Gecko) Chrome/87.0.4280.88 Safari/537.36"
103.57.85.133 - - [09/Dec/2020:00:04:30 +0530] "GET /static/olfy/images/Ria.png HTTP/1.1" 200 253566 "http://odorify.ahujalab.iiitd.edu.in/olfy/about" "Mozilla/5.0 (Windows NT 10.0; Win64; x64) AppleWebKit/537.36 (KHTML, like Gecko) Chrome/87.0.4280.88 Safari/537.36"
103.57.85.133 - - [09/Dec/2020:00:04:30 +0530] "GET /static/olfy/images/Tripti.png HTTP/1.1" 200 521735 "http://odorify.ahujalab.iiitd.edu.in/olfy/about" "Mozilla/5.0 (Windows NT 10.0; Win64; x64) AppleWebKit/537.36 (KHTML, like Gecko) Chrome/87.0.4280.88 Safari/537.36"
103.57.85.133 - - [09/Dec/2020:00:04:31 +0530] "GET /static/olfy/images/logo.gif HTTP/1.1" 206 4656481 "http://odorify.ahujalab.iiitd.edu.in/olfy/about" "Mozilla/5.0 (Windows NT 10.0; Win64; x64) AppleWebKit/537.36 (KHTML, like Gecko) Chrome/87.0.4280.88 Safari/537.36"
103.57.85.133 - - [09/Dec/2020:00:04:33 +0530] "GET /olfy/help HTTP/1.1" 200 5957 "http://odorify.ahujalab.iiitd.edu.in/olfy/about" "Mozilla/5.0 (Windows NT 10.0; Win64; x64) AppleWebKit/537.36 (KHTML, like Gecko) Chrome/87.0.4280.88 Safari/537.36"
103.57.85.133 - - [09/Dec/2020:00:04:33 +0530] "GET /static/olfy/images/homepage.png HTTP/1.1" 200 68645 "http://odorify.ahujalab.iiitd.edu.in/olfy/help" "Mozilla/5.0 (Windows NT 10.0; Win64; x64) AppleWebKit/537.36 (KHTML, like Gecko) Chrome/87.0.4280.88 Safari/537.36"
103.57.85.133 - - [09/Dec/2020:00:04:33 +0530] "GET /static/olfy/images/m1.png HTTP/1.1" 200 42836 "http://odorify.ahujalab.iiitd.edu.in/olfy/help" "Mozilla/5.0 (Windows NT 10.0; Win64; x64) AppleWebKit/537.36 (KHTML, like Gecko) Chrome/87.0.4280.88 Safari/537.36"
103.57.85.133 - - [09/Dec/2020:00:04:33 +0530] "GET /static/olfy/images/m2.png HTTP/1.1" 200 46189 "http://odorify.ahujalab.iiitd.edu.in/olfy/help" "Mozilla/5.0 (Windows NT 10.0; Win64; x64) AppleWebKit/537.36 (KHTML, like Gecko) Chrome/87.0.4280.88 Safari/537.36"
103.57.85.133 - - [09/Dec/2020:00:04:33 +0530] "GET /static/olfy/images/m4.png HTTP/1.1" 200 29222 "http://odorify.ahujalab.iiitd.edu.in/olfy/help" "Mozilla/5.0 (Windows NT 10.0; Win64; x64) AppleWebKit/537.36 (KHTML, like Gecko) Chrome/87.0.4280.88 Safari/537.36"
103.57.85.133 - - [09/Dec/2020:00:04:33 +0530] "GET /static/olfy/images/m3.png HTTP/1.1" 200 34901 "http://odorify.ahujalab.iiitd.edu.in/olfy/help" "Mozilla/5.0 (Windows NT 10.0; Win64; x64) AppleWebKit/537.36 (KHTML, like Gecko) Chrome/87.0.4280.88 Safari/537.36"
103.57.85.133 - - [09/Dec/2020:00:04:33 +0530] "GET /static/olfy/images/models_homepage.png HTTP/1.1" 200 976785 "http://odorify.ahujalab.iiitd.edu.in/olfy/help" "Mozilla/5.0 (Windows NT 10.0; Win64; x64) AppleWebKit/537.36 (KHTML, like Gecko) Chrome/87.0.4280.88 Safari/537.36"
103.57.85.133 - - [09/Dec/2020:00:04:33 +0530] "GET /static/olfy/images/email.jpg HTTP/1.1" 200 36450 "http://odorify.ahujalab.iiitd.edu.in/olfy/help" "Mozilla/5.0 (Windows NT 10.0; Win64; x64) AppleWebKit/537.36 (KHTML, like Gecko) Chrome/87.0.4280.88 Safari/537.36"
103.57.85.133 - - [09/Dec/2020:00:04:34 +0530] "GET /static/olfy/images/zip.jpg HTTP/1.1" 200 29332 "http://odorify.ahujalab.iiitd.edu.in/olfy/help" "Mozilla/5.0 (Windows NT 10.0; Win64; x64) AppleWebKit/537.36 (KHTML, like Gecko) Chrome/87.0.4280.88 Safari/537.36"
103.57.85.133 - - [09/Dec/2020:00:04:34 +0530] "GET /static/olfy/images/m4_results.png HTTP/1.1" 200 39754 "http://odorify.ahujalab.iiitd.edu.in/olfy/help" "Mozilla/5.0 (Windows NT 10.0; Win64; x64) AppleWebKit/537.36 (KHTML, like Gecko) Chrome/87.0.4280.88 Safari/537.36"
103.57.85.133 - - [09/Dec/2020:00:04:34 +0530] "GET /static/olfy/images/history.png HTTP/1.1" 200 20361 "http://odorify.ahujalab.iiitd.edu.in/olfy/help" "Mozilla/5.0 (Windows NT 10.0; Win64; x64) AppleWebKit/537.36 (KHTML, like Gecko) Chrome/87.0.4280.88 Safari/537.36"
103.57.85.133 - - [09/Dec/2020:00:04:34 +0530] "GET /static/olfy/tutorialVideo.mp4 HTTP/1.1" 206 1893699 "http://odorify.ahujalab.iiitd.edu.in/olfy/help" "Mozilla/5.0 (Windows NT 10.0; Win64; x64) AppleWebKit/537.36 (KHTML, like Gecko) Chrome/87.0.4280.88 Safari/537.36"
103.57.85.133 - - [09/Dec/2020:00:04:41 +0530] "GET /olfy/queue HTTP/1.1" 200 3855 "http://odorify.ahujalab.iiitd.edu.in/olfy/help" "Mozilla/5.0 (Windows NT 10.0; Win64; x64) AppleWebKit/537.36 (KHTML, like Gecko) Chrome/87.0.4280.88 Safari/537.36"
103.57.85.133 - - [09/Dec/2020:00:04:42 +0530] "GET /olfy/models HTTP/1.1" 200 3914 "http://odorify.ahujalab.iiitd.edu.in/olfy/queue" "Mozilla/5.0 (Windows NT 10.0; Win64; x64) AppleWebKit/537.36 (KHTML, like Gecko) Chrome/87.0.4280.88 Safari/537.36"
103.57.85.133 - - [09/Dec/2020:00:04:44 +0530] "GET /olfy/odor HTTP/1.1" 200 6140 "http://odorify.ahujalab.iiitd.edu.in/olfy/models" "Mozilla/5.0 (Windows NT 10.0; Win64; x64) AppleWebKit/537.36 (KHTML, like Gecko) Chrome/87.0.4280.88 Safari/537.36"
103.57.85.133 - - [09/Dec/2020:00:04:44 +0530] "GET /static/olfy/images/running.gif HTTP/1.1" 200 1157114 "http://odorify.ahujalab.iiitd.edu.in/olfy/odor" "Mozilla/5.0 (Windows NT 10.0; Win64; x64) AppleWebKit/537.36 (KHTML, like Gecko) Chrome/87.0.4280.88 Safari/537.36"
103.57.85.133 - - [09/Dec/2020:00:04:44 +0530] "GET /olfy/queue HTTP/1.1" 200 3855 "http://odorify.ahujalab.iiitd.edu.in/olfy/odor" "Mozilla/5.0 (Windows NT 10.0; Win64; x64) AppleWebKit/537.36 (KHTML, like Gecko) Chrome/87.0.4280.88 Safari/537.36"
103.57.85.133 - - [09/Dec/2020:00:04:47 +0530] "GET /olfy/results/pre_computed_job_odorant_prediction/1/5/1 HTTP/1.1" 200 4846 "http://odorify.ahujalab.iiitd.edu.in/olfy/queue" "Mozilla/5.0 (Windows NT 10.0; Win64; x64) AppleWebKit/537.36 (KHTML, like Gecko) Chrome/87.0.4280.88 Safari/537.36"
103.57.85.133 - - [09/Dec/2020:00:04:48 +0530] "GET /olfy/ HTTP/1.1" 200 3181 "http://odorify.ahujalab.iiitd.edu.in/olfy/results/pre_computed_job_odorant_prediction/1/5/1" "Mozilla/5.0 (Windows NT 10.0; Win64; x64) AppleWebKit/537.36 (KHTML, like Gecko) Chrome/87.0.4280.88 Safari/537.36"
103.57.85.133 - - [09/Dec/2020:00:05:08 +0530] "GET /olfy/ HTTP/1.1" 200 3181 "-" "Mozilla/5.0 (Windows NT 10.0; Win64; x64) AppleWebKit/537.36 (KHTML, like Gecko) Chrome/87.0.4280.88 Safari/537.36"
64.233.172.197 - - [09/Dec/2020:00:05:20 +0530] "GET / HTTP/1.1" 301 0 "-" "Mozilla/5.0 (X11; Linux x86_64) AppleWebKit/537.36 (KHTML, like Gecko) Chrome/56.0.2924.87 Safari/537.36 Google (+https://developers.google.com/+/web/snippet/)"
64.233.172.197 - - [09/Dec/2020:00:05:20 +0530] "GET /olfy/ HTTP/1.1" 200 3181 "-" "Mozilla/5.0 (X11; Linux x86_64) AppleWebKit/537.36 (KHTML, like Gecko) Chrome/56.0.2924.87 Safari/537.36 Google (+https://developers.google.com/+/web/snippet/)"
103.57.85.133 - - [09/Dec/2020:00:05:27 +0530] "GET /olfy/ HTTP/1.1" 200 3181 "-" "Mozilla/5.0 (Windows NT 10.0; Win64; x64) AppleWebKit/537.36 (KHTML, like Gecko) Chrome/87.0.4280.88 Safari/537.36"
64.233.172.195 - - [09/Dec/2020:00:05:28 +0530] "GET /static/olfy/images/logo.gif HTTP/1.1" 200 10839473 "-" "Mozilla/5.0 (X11; Linux x86_64) AppleWebKit/537.36 (KHTML, like Gecko) Chrome/56.0.2924.87 Safari/537.36 Google (+https://developers.google.com/+/web/snippet/)"
103.57.85.133 - - [09/Dec/2020:00:05:30 +0530] "GET /olfy/models HTTP/1.1" 200 3914 "http://odorify.ahujalab.iiitd.edu.in/olfy/" "Mozilla/5.0 (Windows NT 10.0; Win64; x64) AppleWebKit/537.36 (KHTML, like Gecko) Chrome/87.0.4280.88 Safari/537.36"
103.57.85.133 - - [09/Dec/2020:00:05:31 +0530] "GET /olfy/help HTTP/1.1" 200 5957 "http://odorify.ahujalab.iiitd.edu.in/olfy/models" "Mozilla/5.0 (Windows NT 10.0; Win64; x64) AppleWebKit/537.36 (KHTML, like Gecko) Chrome/87.0.4280.88 Safari/537.36"
64.233.172.199 - - [09/Dec/2020:00:05:31 +0530] "GET /static/olfy/images/logo.gif HTTP/1.1" 200 10856849 "-" "Mozilla/5.0 (X11; Linux x86_64) AppleWebKit/537.36 (KHTML, like Gecko) Chrome/56.0.2924.87 Safari/537.36 Google (+https://developers.google.com/+/web/snippet/)"
64.233.172.197 - - [09/Dec/2020:00:05:36 +0530] "GET /static/olfy/images/logo.gif HTTP/1.1" 200 10830785 "-" "Mozilla/5.0 (X11; Linux x86_64) AppleWebKit/537.36 (KHTML, like Gecko) Chrome/56.0.2924.87 Safari/537.36 Google (+https://developers.google.com/+/web/snippet/)"
64.233.172.197 - - [09/Dec/2020:00:05:37 +0530] "GET /static/olfy/images/logo.gif HTTP/1.1" 200 10804721 "-" "Mozilla/5.0 (X11; Linux x86_64) AppleWebKit/537.36 (KHTML, like Gecko) Chrome/56.0.2924.87 Safari/537.36 Google (+https://developers.google.com/+/web/snippet/)"
64.233.172.197 - - [09/Dec/2020:00:05:38 +0530] "GET /static/olfy/images/logo.gif HTTP/1.1" 200 10798929 "-" "Mozilla/5.0 (X11; Linux x86_64) AppleWebKit/537.36 (KHTML, like Gecko) Chrome/56.0.2924.87 Safari/537.36 Google (+https://developers.google.com/+/web/snippet/)"
64.233.172.197 - - [09/Dec/2020:00:05:38 +0530] "GET /static/olfy/images/logo.gif HTTP/1.1" 200 10874225 "-" "Mozilla/5.0 (X11; Linux x86_64) AppleWebKit/537.36 (KHTML, like Gecko) Chrome/56.0.2924.87 Safari/537.36 Google (+https://developers.google.com/+/web/snippet/)"
103.57.85.133 - - [09/Dec/2020:00:05:39 +0530] "GET /olfy/models HTTP/1.1" 200 3914 "http://odorify.ahujalab.iiitd.edu.in/olfy/help" "Mozilla/5.0 (Windows NT 10.0; Win64; x64) AppleWebKit/537.36 (KHTML, like Gecko) Chrome/87.0.4280.88 Safari/537.36"
103.57.85.133 - - [09/Dec/2020:00:05:40 +0530] "GET /olfy/ HTTP/1.1" 200 3181 "http://odorify.ahujalab.iiitd.edu.in/olfy/models" "Mozilla/5.0 (Windows NT 10.0; Win64; x64) AppleWebKit/537.36 (KHTML, like Gecko) Chrome/87.0.4280.88 Safari/537.36"
64.233.172.197 - - [09/Dec/2020:00:05:42 +0530] "GET /static/olfy/images/logo.gif HTTP/1.1" 200 10839473 "-" "Mozilla/5.0 (X11; Linux x86_64) AppleWebKit/537.36 (KHTML, like Gecko) Chrome/56.0.2924.87 Safari/537.36 Google (+https://developers.google.com/+/web/snippet/)"
192.168.1.99 - - [09/Dec/2020:00:07:16 +0530] "GET /olfy/queue HTTP/1.1" 200 4003 "http://odorify.ahujalab.iiitd.edu.in/olfy/results/job_odor_finder/3/2/0" "Mozilla/5.0 (X11; Linux x86_64) AppleWebKit/537.36 (KHTML, like Gecko) Chrome/77.0.3865.90 Safari/537.36"
192.168.1.99 - - [09/Dec/2020:00:07:16 +0530] "GET /static/olfy/images/logo.gif HTTP/1.1" 304 0 "http://odorify.ahujalab.iiitd.edu.in/olfy/queue" "Mozilla/5.0 (X11; Linux x86_64) AppleWebKit/537.36 (KHTML, like Gecko) Chrome/77.0.3865.90 Safari/537.36"
192.168.1.99 - - [09/Dec/2020:00:08:27 +0530] "GET /olfy/queue HTTP/1.1" 200 4003 "http://odorify.ahujalab.iiitd.edu.in/olfy/queue" "Mozilla/5.0 (X11; Linux x86_64) AppleWebKit/537.36 (KHTML, like Gecko) Chrome/77.0.3865.90 Safari/537.36"
192.168.1.99 - - [09/Dec/2020:00:08:28 +0530] "GET /olfy/help HTTP/1.1" 200 5957 "http://odorify.ahujalab.iiitd.edu.in/olfy/queue" "Mozilla/5.0 (X11; Linux x86_64) AppleWebKit/537.36 (KHTML, like Gecko) Chrome/77.0.3865.90 Safari/537.36"
192.168.1.99 - - [09/Dec/2020:00:08:28 +0530] "GET /static/olfy/images/models_homepage.png HTTP/1.1" 304 0 "http://odorify.ahujalab.iiitd.edu.in/olfy/help" "Mozilla/5.0 (X11; Linux x86_64) AppleWebKit/537.36 (KHTML, like Gecko) Chrome/77.0.3865.90 Safari/537.36"
192.168.1.99 - - [09/Dec/2020:00:08:28 +0530] "GET /static/olfy/images/homepage.png HTTP/1.1" 304 0 "http://odorify.ahujalab.iiitd.edu.in/olfy/help" "Mozilla/5.0 (X11; Linux x86_64) AppleWebKit/537.36 (KHTML, like Gecko) Chrome/77.0.3865.90 Safari/537.36"
192.168.1.99 - - [09/Dec/2020:00:08:28 +0530] "GET /static/olfy/images/m3.png HTTP/1.1" 304 0 "http://odorify.ahujalab.iiitd.edu.in/olfy/help" "Mozilla/5.0 (X11; Linux x86_64) AppleWebKit/537.36 (KHTML, like Gecko) Chrome/77.0.3865.90 Safari/537.36"
192.168.1.99 - - [09/Dec/2020:00:08:28 +0530] "GET /static/olfy/images/email.jpg HTTP/1.1" 304 0 "http://odorify.ahujalab.iiitd.edu.in/olfy/help" "Mozilla/5.0 (X11; Linux x86_64) AppleWebKit/537.36 (KHTML, like Gecko) Chrome/77.0.3865.90 Safari/537.36"
192.168.1.99 - - [09/Dec/2020:00:08:28 +0530] "GET /static/olfy/images/m4_results.png HTTP/1.1" 304 0 "http://odorify.ahujalab.iiitd.edu.in/olfy/help" "Mozilla/5.0 (X11; Linux x86_64) AppleWebKit/537.36 (KHTML, like Gecko) Chrome/77.0.3865.90 Safari/537.36"
192.168.1.99 - - [09/Dec/2020:00:08:28 +0530] "GET /static/olfy/images/m1.png HTTP/1.1" 304 0 "http://odorify.ahujalab.iiitd.edu.in/olfy/help" "Mozilla/5.0 (X11; Linux x86_64) AppleWebKit/537.36 (KHTML, like Gecko) Chrome/77.0.3865.90 Safari/537.36"
192.168.1.99 - - [09/Dec/2020:00:08:28 +0530] "GET /static/olfy/images/m4.png HTTP/1.1" 304 0 "http://odorify.ahujalab.iiitd.edu.in/olfy/help" "Mozilla/5.0 (X11; Linux x86_64) AppleWebKit/537.36 (KHTML, like Gecko) Chrome/77.0.3865.90 Safari/537.36"
192.168.1.99 - - [09/Dec/2020:00:08:28 +0530] "GET /static/olfy/images/zip.jpg HTTP/1.1" 304 0 "http://odorify.ahujalab.iiitd.edu.in/olfy/help" "Mozilla/5.0 (X11; Linux x86_64) AppleWebKit/537.36 (KHTML, like Gecko) Chrome/77.0.3865.90 Safari/537.36"
192.168.1.99 - - [09/Dec/2020:00:08:28 +0530] "GET /static/olfy/tutorialVideo.mp4 HTTP/1.1" 304 0 "http://odorify.ahujalab.iiitd.edu.in/olfy/help" "Mozilla/5.0 (X11; Linux x86_64) AppleWebKit/537.36 (KHTML, like Gecko) Chrome/77.0.3865.90 Safari/537.36"
192.168.1.99 - - [09/Dec/2020:00:08:28 +0530] "GET /static/olfy/images/m2.png HTTP/1.1" 304 0 "http://odorify.ahujalab.iiitd.edu.in/olfy/help" "Mozilla/5.0 (X11; Linux x86_64) AppleWebKit/537.36 (KHTML, like Gecko) Chrome/77.0.3865.90 Safari/537.36"
192.168.1.99 - - [09/Dec/2020:00:08:28 +0530] "GET /static/olfy/images/history.png HTTP/1.1" 304 0 "http://odorify.ahujalab.iiitd.edu.in/olfy/help" "Mozilla/5.0 (X11; Linux x86_64) AppleWebKit/537.36 (KHTML, like Gecko) Chrome/77.0.3865.90 Safari/537.36"
192.168.1.99 - - [09/Dec/2020:00:08:28 +0530] "GET /static/olfy/tutorialVideo.mp4 HTTP/1.1" 206 606442 "http://odorify.ahujalab.iiitd.edu.in/olfy/help" "Mozilla/5.0 (X11; Linux x86_64) AppleWebKit/537.36 (KHTML, like Gecko) Chrome/77.0.3865.90 Safari/537.36"
64.233.172.197 - - [09/Dec/2020:00:08:32 +0530] "GET /static/olfy/images/logo.gif HTTP/1.1" 200 10830785 "-" "Mozilla/5.0 (X11; Linux x86_64) AppleWebKit/537.36 (KHTML, like Gecko) Chrome/56.0.2924.87 Safari/537.36 Google (+https://developers.google.com/+/web/snippet/)"
192.168.1.99 - - [09/Dec/2020:00:08:37 +0530] "GET /olfy/about HTTP/1.1" 200 4601 "http://odorify.ahujalab.iiitd.edu.in/olfy/help" "Mozilla/5.0 (X11; Linux x86_64) AppleWebKit/537.36 (KHTML, like Gecko) Chrome/77.0.3865.90 Safari/537.36"
192.168.1.99 - - [09/Dec/2020:00:08:37 +0530] "GET /static/olfy/images/Sengupta.png HTTP/1.1" 304 0 "http://odorify.ahujalab.iiitd.edu.in/olfy/about" "Mozilla/5.0 (X11; Linux x86_64) AppleWebKit/537.36 (KHTML, like Gecko) Chrome/77.0.3865.90 Safari/537.36"
192.168.1.99 - - [09/Dec/2020:00:08:38 +0530] "GET /static/olfy/images/Tripti.png HTTP/1.1" 304 0 "http://odorify.ahujalab.iiitd.edu.in/olfy/about" "Mozilla/5.0 (X11; Linux x86_64) AppleWebKit/537.36 (KHTML, like Gecko) Chrome/77.0.3865.90 Safari/537.36"
192.168.1.99 - - [09/Dec/2020:00:08:38 +0530] "GET /static/olfy/images/Aayushi.jpg HTTP/1.1" 304 0 "http://odorify.ahujalab.iiitd.edu.in/olfy/about" "Mozilla/5.0 (X11; Linux x86_64) AppleWebKit/537.36 (KHTML, like Gecko) Chrome/77.0.3865.90 Safari/537.36"
192.168.1.99 - - [09/Dec/2020:00:09:38 +0530] "GET /olfy/OR HTTP/1.1" 502 568 "http://odorify.ahujalab.iiitd.edu.in/olfy/about" "Mozilla/5.0 (X11; Linux x86_64) AppleWebKit/537.36 (KHTML, like Gecko) Chrome/77.0.3865.90 Safari/537.36"
192.168.1.99 - - [09/Dec/2020:00:09:41 +0530] "GET /olfy/OR HTTP/1.1" 502 568 "-" "Mozilla/5.0 (X11; Linux x86_64) AppleWebKit/537.36 (KHTML, like Gecko) Chrome/77.0.3865.90 Safari/537.36"
192.168.1.99 - - [09/Dec/2020:00:09:47 +0530] "GET /olfy/ HTTP/1.1" 502 568 "-" "Mozilla/5.0 (X11; Linux x86_64) AppleWebKit/537.36 (KHTML, like Gecko) Chrome/77.0.3865.90 Safari/537.36"
192.168.1.99 - - [09/Dec/2020:00:11:05 +0530] "GET /olfy/ HTTP/1.1" 502 568 "-" "Mozilla/5.0 (X11; Linux x86_64) AppleWebKit/537.36 (KHTML, like Gecko) Chrome/77.0.3865.90 Safari/537.36"
192.168.1.99 - - [09/Dec/2020:00:11:08 +0530] "GET /olfy/ HTTP/1.1" 502 568 "-" "Mozilla/5.0 (X11; Linux x86_64) AppleWebKit/537.36 (KHTML, like Gecko) Chrome/77.0.3865.90 Safari/537.36"
192.168.1.99 - - [09/Dec/2020:00:12:39 +0530] "GET /olfy/ HTTP/1.1" 502 568 "-" "Mozilla/5.0 (X11; Linux x86_64) AppleWebKit/537.36 (KHTML, like Gecko) Chrome/77.0.3865.90 Safari/537.36"
192.168.1.99 - - [09/Dec/2020:00:12:40 +0530] "GET /favicon.ico HTTP/1.1" 502 568 "http://192.168.30.53/olfy/" "Mozilla/5.0 (X11; Linux x86_64) AppleWebKit/537.36 (KHTML, like Gecko) Chrome/77.0.3865.90 Safari/537.36"
192.168.1.99 - - [09/Dec/2020:00:12:43 +0530] "GET /olfy/ HTTP/1.1" 502 568 "-" "Mozilla/5.0 (X11; Linux x86_64) AppleWebKit/537.36 (KHTML, like Gecko) Chrome/77.0.3865.90 Safari/537.36"
192.168.1.99 - - [09/Dec/2020:00:13:57 +0530] "GET /olfy/ HTTP/1.1" 502 568 "-" "Mozilla/5.0 (X11; Linux x86_64) AppleWebKit/537.36 (KHTML, like Gecko) Chrome/77.0.3865.90 Safari/537.36"
192.168.1.99 - - [09/Dec/2020:00:14:24 +0530] "GET /olfy/ HTTP/1.1" 502 568 "-" "Mozilla/5.0 (X11; Linux x86_64) AppleWebKit/537.36 (KHTML, like Gecko) Chrome/77.0.3865.90 Safari/537.36"
192.168.1.99 - - [09/Dec/2020:00:14:25 +0530] "GET /olfy/ HTTP/1.1" 502 568 "-" "Mozilla/5.0 (X11; Linux x86_64) AppleWebKit/537.36 (KHTML, like Gecko) Chrome/77.0.3865.90 Safari/537.36"
192.168.1.99 - - [09/Dec/2020:00:14:25 +0530] "GET /olfy/ HTTP/1.1" 502 568 "-" "Mozilla/5.0 (X11; Linux x86_64) AppleWebKit/537.36 (KHTML, like Gecko) Chrome/77.0.3865.90 Safari/537.36"
192.168.1.99 - - [09/Dec/2020:00:14:26 +0530] "GET /olfy/ HTTP/1.1" 502 568 "-" "Mozilla/5.0 (X11; Linux x86_64) AppleWebKit/537.36 (KHTML, like Gecko) Chrome/77.0.3865.90 Safari/537.36"
192.168.1.99 - - [09/Dec/2020:00:14:27 +0530] "GET /olfy/ HTTP/1.1" 502 568 "-" "Mozilla/5.0 (X11; Linux x86_64) AppleWebKit/537.36 (KHTML, like Gecko) Chrome/77.0.3865.90 Safari/537.36"
192.168.1.99 - - [09/Dec/2020:00:14:28 +0530] "GET /olfy/ HTTP/1.1" 502 568 "-" "Mozilla/5.0 (X11; Linux x86_64) AppleWebKit/537.36 (KHTML, like Gecko) Chrome/77.0.3865.90 Safari/537.36"
192.168.1.99 - - [09/Dec/2020:00:14:33 +0530] "GET /olfy/ HTTP/1.1" 502 568 "-" "Mozilla/5.0 (X11; Linux x86_64) AppleWebKit/537.36 (KHTML, like Gecko) Chrome/77.0.3865.90 Safari/537.36"
64.233.172.197 - - [09/Dec/2020:00:14:53 +0530] "GET /static/olfy/images/logo.gif HTTP/1.1" 200 10787345 "-" "Mozilla/5.0 (X11; Linux x86_64) AppleWebKit/537.36 (KHTML, like Gecko) Chrome/56.0.2924.87 Safari/537.36 Google (+https://developers.google.com/+/web/snippet/)"
192.168.1.99 - - [09/Dec/2020:00:15:19 +0530] "GET /olfy/ HTTP/1.1" 502 568 "-" "Mozilla/5.0 (X11; Linux x86_64) AppleWebKit/537.36 (KHTML, like Gecko) Chrome/77.0.3865.90 Safari/537.36"
192.168.1.99 - - [09/Dec/2020:00:15:20 +0530] "GET /olfy/ HTTP/1.1" 502 568 "-" "Mozilla/5.0 (X11; Linux x86_64) AppleWebKit/537.36 (KHTML, like Gecko) Chrome/77.0.3865.90 Safari/537.36"
66.102.9.105 - - [09/Dec/2020:00:15:21 +0530] "GET /static/olfy/images/logo.gif HTTP/1.1" 200 3263537 "-" "Mozilla/5.0 (X11; Linux x86_64) AppleWebKit/537.36 (KHTML, like Gecko) Chrome/56.0.2924.87 Safari/537.36 Google (+https://developers.google.com/+/web/snippet/)"
192.168.1.99 - - [09/Dec/2020:00:15:22 +0530] "GET /olfy/ HTTP/1.1" 502 568 "-" "Mozilla/5.0 (X11; Linux x86_64) AppleWebKit/537.36 (KHTML, like Gecko) Chrome/77.0.3865.90 Safari/537.36"
192.168.1.99 - - [09/Dec/2020:00:15:22 +0530] "GET /olfy/ HTTP/1.1" 200 3181 "-" "Mozilla/5.0 (X11; Linux x86_64) AppleWebKit/537.36 (KHTML, like Gecko) Chrome/77.0.3865.90 Safari/537.36"
192.168.1.99 - - [09/Dec/2020:00:15:24 +0530] "GET /olfy/ HTTP/1.1" 200 3181 "-" "Mozilla/5.0 (X11; Linux x86_64) AppleWebKit/537.36 (KHTML, like Gecko) Chrome/77.0.3865.90 Safari/537.36"
192.168.1.99 - - [09/Dec/2020:00:15:25 +0530] "GET /olfy/models HTTP/1.1" 200 3914 "http://odorify.ahujalab.iiitd.edu.in/olfy/" "Mozilla/5.0 (X11; Linux x86_64) AppleWebKit/537.36 (KHTML, like Gecko) Chrome/77.0.3865.90 Safari/537.36"
192.168.1.99 - - [09/Dec/2020:00:15:27 +0530] "GET /olfy/odor_OR HTTP/1.1" 200 6631 "http://odorify.ahujalab.iiitd.edu.in/olfy/models" "Mozilla/5.0 (X11; Linux x86_64) AppleWebKit/537.36 (KHTML, like Gecko) Chrome/77.0.3865.90 Safari/537.36"
192.168.1.99 - - [09/Dec/2020:00:15:27 +0530] "GET /static/olfy/images/running.gif HTTP/1.1" 304 0 "http://odorify.ahujalab.iiitd.edu.in/olfy/odor_OR" "Mozilla/5.0 (X11; Linux x86_64) AppleWebKit/537.36 (KHTML, like Gecko) Chrome/77.0.3865.90 Safari/537.36"
192.168.1.99 - - [09/Dec/2020:00:15:28 +0530] "GET /olfy/OR HTTP/1.1" 200 6854 "http://odorify.ahujalab.iiitd.edu.in/olfy/odor_OR" "Mozilla/5.0 (X11; Linux x86_64) AppleWebKit/537.36 (KHTML, like Gecko) Chrome/77.0.3865.90 Safari/537.36"
192.168.1.99 - - [09/Dec/2020:00:15:45 +0530] "GET / HTTP/1.1" 301 0 "-" "Mozilla/5.0 (Windows NT 10.0; Win64; x64) AppleWebKit/537.36 (KHTML, like Gecko) Chrome/87.0.4280.88 Safari/537.36"
192.168.1.99 - - [09/Dec/2020:00:15:45 +0530] "GET /olfy/ HTTP/1.1" 200 3181 "-" "Mozilla/5.0 (Windows NT 10.0; Win64; x64) AppleWebKit/537.36 (KHTML, like Gecko) Chrome/87.0.4280.88 Safari/537.36"
192.168.1.99 - - [09/Dec/2020:00:15:45 +0530] "GET /static/olfy/styles/style.css HTTP/1.1" 304 0 "http://odorify.ahujalab.iiitd.edu.in/olfy/" "Mozilla/5.0 (Windows NT 10.0; Win64; x64) AppleWebKit/537.36 (KHTML, like Gecko) Chrome/87.0.4280.88 Safari/537.36"
192.168.1.99 - - [09/Dec/2020:00:15:45 +0530] "GET /static/olfy/images/logo.gif HTTP/1.1" 304 0 "http://odorify.ahujalab.iiitd.edu.in/olfy/" "Mozilla/5.0 (Windows NT 10.0; Win64; x64) AppleWebKit/537.36 (KHTML, like Gecko) Chrome/87.0.4280.88 Safari/537.36"
192.168.1.99 - - [09/Dec/2020:00:15:47 +0530] "GET /olfy/models HTTP/1.1" 200 3914 "http://odorify.ahujalab.iiitd.edu.in/olfy/" "Mozilla/5.0 (Windows NT 10.0; Win64; x64) AppleWebKit/537.36 (KHTML, like Gecko) Chrome/87.0.4280.88 Safari/537.36"
192.168.1.99 - - [09/Dec/2020:00:15:47 +0530] "GET /static/olfy/images/Model3.jpg HTTP/1.1" 304 0 "http://odorify.ahujalab.iiitd.edu.in/olfy/models" "Mozilla/5.0 (Windows NT 10.0; Win64; x64) AppleWebKit/537.36 (KHTML, like Gecko) Chrome/87.0.4280.88 Safari/537.36"
192.168.1.99 - - [09/Dec/2020:00:15:47 +0530] "GET /static/olfy/images/Model4.jpg HTTP/1.1" 304 0 "http://odorify.ahujalab.iiitd.edu.in/olfy/models" "Mozilla/5.0 (Windows NT 10.0; Win64; x64) AppleWebKit/537.36 (KHTML, like Gecko) Chrome/87.0.4280.88 Safari/537.36"
192.168.1.99 - - [09/Dec/2020:00:15:50 +0530] "GET /olfy/about HTTP/1.1" 200 4601 "http://odorify.ahujalab.iiitd.edu.in/olfy/models" "Mozilla/5.0 (Windows NT 10.0; Win64; x64) AppleWebKit/537.36 (KHTML, like Gecko) Chrome/87.0.4280.88 Safari/537.36"
192.168.1.99 - - [09/Dec/2020:00:15:50 +0530] "GET /static/olfy/images/Sengupta.png HTTP/1.1" 200 259024 "http://odorify.ahujalab.iiitd.edu.in/olfy/about" "Mozilla/5.0 (Windows NT 10.0; Win64; x64) AppleWebKit/537.36 (KHTML, like Gecko) Chrome/87.0.4280.88 Safari/537.36"
192.168.1.99 - - [09/Dec/2020:00:15:50 +0530] "GET /static/olfy/images/Vishesh.png HTTP/1.1" 200 196107 "http://odorify.ahujalab.iiitd.edu.in/olfy/about" "Mozilla/5.0 (Windows NT 10.0; Win64; x64) AppleWebKit/537.36 (KHTML, like Gecko) Chrome/87.0.4280.88 Safari/537.36"
192.168.1.99 - - [09/Dec/2020:00:15:50 +0530] "GET /static/olfy/images/Rishi.jpg HTTP/1.1" 200 19063 "http://odorify.ahujalab.iiitd.edu.in/olfy/about" "Mozilla/5.0 (Windows NT 10.0; Win64; x64) AppleWebKit/537.36 (KHTML, like Gecko) Chrome/87.0.4280.88 Safari/537.36"
192.168.1.99 - - [09/Dec/2020:00:15:50 +0530] "GET /static/olfy/images/Sushant.jpg HTTP/1.1" 200 85543 "http://odorify.ahujalab.iiitd.edu.in/olfy/about" "Mozilla/5.0 (Windows NT 10.0; Win64; x64) AppleWebKit/537.36 (KHTML, like Gecko) Chrome/87.0.4280.88 Safari/537.36"
192.168.1.99 - - [09/Dec/2020:00:15:50 +0530] "GET /static/olfy/images/Ria.png HTTP/1.1" 200 253566 "http://odorify.ahujalab.iiitd.edu.in/olfy/about" "Mozilla/5.0 (Windows NT 10.0; Win64; x64) AppleWebKit/537.36 (KHTML, like Gecko) Chrome/87.0.4280.88 Safari/537.36"
192.168.1.99 - - [09/Dec/2020:00:15:50 +0530] "GET /static/olfy/images/Krishan.jpg HTTP/1.1" 200 93557 "http://odorify.ahujalab.iiitd.edu.in/olfy/about" "Mozilla/5.0 (Windows NT 10.0; Win64; x64) AppleWebKit/537.36 (KHTML, like Gecko) Chrome/87.0.4280.88 Safari/537.36"
192.168.1.99 - - [09/Dec/2020:00:15:51 +0530] "GET /static/olfy/images/Prakriti.jpg HTTP/1.1" 200 135500 "http://odorify.ahujalab.iiitd.edu.in/olfy/about" "Mozilla/5.0 (Windows NT 10.0; Win64; x64) AppleWebKit/537.36 (KHTML, like Gecko) Chrome/87.0.4280.88 Safari/537.36"
192.168.1.99 - - [09/Dec/2020:00:15:51 +0530] "GET /static/olfy/images/Riya.jpg HTTP/1.1" 200 24320 "http://odorify.ahujalab.iiitd.edu.in/olfy/about" "Mozilla/5.0 (Windows NT 10.0; Win64; x64) AppleWebKit/537.36 (KHTML, like Gecko) Chrome/87.0.4280.88 Safari/537.36"
192.168.1.99 - - [09/Dec/2020:00:15:51 +0530] "GET /static/olfy/images/Tripti.png HTTP/1.1" 200 521735 "http://odorify.ahujalab.iiitd.edu.in/olfy/about" "Mozilla/5.0 (Windows NT 10.0; Win64; x64) AppleWebKit/537.36 (KHTML, like Gecko) Chrome/87.0.4280.88 Safari/537.36"
192.168.1.99 - - [09/Dec/2020:00:15:51 +0530] "GET /static/olfy/images/Gaurav.jpg HTTP/1.1" 200 688319 "http://odorify.ahujalab.iiitd.edu.in/olfy/about" "Mozilla/5.0 (Windows NT 10.0; Win64; x64) AppleWebKit/537.36 (KHTML, like Gecko) Chrome/87.0.4280.88 Safari/537.36"
192.168.1.99 - - [09/Dec/2020:00:15:51 +0530] "GET /static/olfy/images/Aayushi.jpg HTTP/1.1" 200 2122906 "http://odorify.ahujalab.iiitd.edu.in/olfy/about" "Mozilla/5.0 (Windows NT 10.0; Win64; x64) AppleWebKit/537.36 (KHTML, like Gecko) Chrome/87.0.4280.88 Safari/537.36"
192.168.1.99 - - [09/Dec/2020:00:16:00 +0530] "GET /olfy/OR HTTP/1.1" 200 6855 "http://odorify.ahujalab.iiitd.edu.in/olfy/odor_OR" "Mozilla/5.0 (X11; Linux x86_64) AppleWebKit/537.36 (KHTML, like Gecko) Chrome/77.0.3865.90 Safari/537.36"
192.168.1.99 - - [09/Dec/2020:00:16:03 +0530] "GET /olfy/odor_OR HTTP/1.1" 200 6631 "http://odorify.ahujalab.iiitd.edu.in/olfy/OR" "Mozilla/5.0 (X11; Linux x86_64) AppleWebKit/537.36 (KHTML, like Gecko) Chrome/77.0.3865.90 Safari/537.36"
192.168.1.99 - - [09/Dec/2020:00:16:12 +0530] "POST /olfy/odor_OR HTTP/1.1" 200 11 "http://odorify.ahujalab.iiitd.edu.in/olfy/odor_OR" "Mozilla/5.0 (X11; Linux x86_64) AppleWebKit/537.36 (KHTML, like Gecko) Chrome/77.0.3865.90 Safari/537.36"
192.168.1.99 - - [09/Dec/2020:00:16:12 +0530] "GET /olfy/results HTTP/1.1" 200 5197 "http://odorify.ahujalab.iiitd.edu.in/olfy/odor_OR" "Mozilla/5.0 (X11; Linux x86_64) AppleWebKit/537.36 (KHTML, like Gecko) Chrome/77.0.3865.90 Safari/537.36"
192.168.1.99 - - [09/Dec/2020:00:16:17 +0530] "GET /olfy/OR HTTP/1.1" 200 6852 "http://odorify.ahujalab.iiitd.edu.in/olfy/results" "Mozilla/5.0 (X11; Linux x86_64) AppleWebKit/537.36 (KHTML, like Gecko) Chrome/77.0.3865.90 Safari/537.36"
192.168.1.99 - - [09/Dec/2020:00:16:59 +0530] "POST /olfy/OR HTTP/1.1" 200 11 "http://odorify.ahujalab.iiitd.edu.in/olfy/OR" "Mozilla/5.0 (X11; Linux x86_64) AppleWebKit/537.36 (KHTML, like Gecko) Chrome/77.0.3865.90 Safari/537.36"
192.168.1.99 - - [09/Dec/2020:00:16:59 +0530] "GET /olfy/results HTTP/1.1" 200 5332 "http://odorify.ahujalab.iiitd.edu.in/olfy/OR" "Mozilla/5.0 (X11; Linux x86_64) AppleWebKit/537.36 (KHTML, like Gecko) Chrome/77.0.3865.90 Safari/537.36"
192.168.1.99 - - [09/Dec/2020:00:17:15 +0530] "GET /olfy/queue HTTP/1.1" 200 4118 "http://odorify.ahujalab.iiitd.edu.in/olfy/results" "Mozilla/5.0 (X11; Linux x86_64) AppleWebKit/537.36 (KHTML, like Gecko) Chrome/77.0.3865.90 Safari/537.36"
192.168.1.99 - - [09/Dec/2020:00:17:21 +0530] "GET /olfy/odor2 HTTP/1.1" 200 6937 "http://odorify.ahujalab.iiitd.edu.in/olfy/queue" "Mozilla/5.0 (X11; Linux x86_64) AppleWebKit/537.36 (KHTML, like Gecko) Chrome/77.0.3865.90 Safari/537.36"
192.168.1.99 - - [09/Dec/2020:00:17:22 +0530] "GET /olfy/results HTTP/1.1" 200 5332 "http://odorify.ahujalab.iiitd.edu.in/olfy/odor2" "Mozilla/5.0 (X11; Linux x86_64) AppleWebKit/537.36 (KHTML, like Gecko) Chrome/77.0.3865.90 Safari/537.36"
192.168.1.99 - - [09/Dec/2020:00:17:22 +0530] "GET /olfy/help HTTP/1.1" 200 5957 "http://odorify.ahujalab.iiitd.edu.in/olfy/results" "Mozilla/5.0 (X11; Linux x86_64) AppleWebKit/537.36 (KHTML, like Gecko) Chrome/77.0.3865.90 Safari/537.36"
192.168.1.99 - - [09/Dec/2020:00:17:23 +0530] "GET /static/olfy/tutorialVideo.mp4 HTTP/1.1" 206 163762 "http://odorify.ahujalab.iiitd.edu.in/olfy/help" "Mozilla/5.0 (X11; Linux x86_64) AppleWebKit/537.36 (KHTML, like Gecko) Chrome/77.0.3865.90 Safari/537.36"
192.168.1.99 - - [09/Dec/2020:00:17:26 +0530] "GET /olfy/contact HTTP/1.1" 200 3716 "http://odorify.ahujalab.iiitd.edu.in/olfy/help" "Mozilla/5.0 (X11; Linux x86_64) AppleWebKit/537.36 (KHTML, like Gecko) Chrome/77.0.3865.90 Safari/537.36"
103.57.85.133 - - [09/Dec/2020:00:17:41 +0530] "GET /olfy/ HTTP/1.1" 200 3181 "-" "Mozilla/5.0 (Windows NT 10.0; Win64; x64) AppleWebKit/537.36 (KHTML, like Gecko) Chrome/87.0.4280.88 Safari/537.36"
103.57.85.133 - - [09/Dec/2020:00:17:41 +0530] "GET /static/olfy/styles/style.css HTTP/1.1" 304 0 "http://odorify.ahujalab.iiitd.edu.in/olfy/" "Mozilla/5.0 (Windows NT 10.0; Win64; x64) AppleWebKit/537.36 (KHTML, like Gecko) Chrome/87.0.4280.88 Safari/537.36"
103.57.85.133 - - [09/Dec/2020:00:17:43 +0530] "GET /olfy/ HTTP/1.1" 200 3181 "-" "Mozilla/5.0 (Windows NT 10.0; Win64; x64) AppleWebKit/537.36 (KHTML, like Gecko) Chrome/87.0.4280.88 Safari/537.36"
103.57.85.133 - - [09/Dec/2020:00:17:43 +0530] "GET /static/olfy/styles/style.css HTTP/1.1" 200 31026 "http://odorify.ahujalab.iiitd.edu.in/olfy/" "Mozilla/5.0 (Windows NT 10.0; Win64; x64) AppleWebKit/537.36 (KHTML, like Gecko) Chrome/87.0.4280.88 Safari/537.36"
103.57.85.133 - - [09/Dec/2020:00:17:44 +0530] "GET /olfy/models HTTP/1.1" 200 3914 "http://odorify.ahujalab.iiitd.edu.in/olfy/" "Mozilla/5.0 (Windows NT 10.0; Win64; x64) AppleWebKit/537.36 (KHTML, like Gecko) Chrome/87.0.4280.88 Safari/537.36"
103.57.85.133 - - [09/Dec/2020:00:17:44 +0530] "GET /static/olfy/images/logo.gif HTTP/1.1" 200 5809121 "http://odorify.ahujalab.iiitd.edu.in/olfy/" "Mozilla/5.0 (Windows NT 10.0; Win64; x64) AppleWebKit/537.36 (KHTML, like Gecko) Chrome/87.0.4280.88 Safari/537.36"
103.57.85.133 - - [09/Dec/2020:00:17:45 +0530] "GET /static/olfy/images/logo.gif HTTP/1.1" 206 1 "http://odorify.ahujalab.iiitd.edu.in/olfy/models" "Mozilla/5.0 (Windows NT 10.0; Win64; x64) AppleWebKit/537.36 (KHTML, like Gecko) Chrome/87.0.4280.88 Safari/537.36"
103.57.85.133 - - [09/Dec/2020:00:17:46 +0530] "GET /olfy/about HTTP/1.1" 200 4601 "http://odorify.ahujalab.iiitd.edu.in/olfy/models" "Mozilla/5.0 (Windows NT 10.0; Win64; x64) AppleWebKit/537.36 (KHTML, like Gecko) Chrome/87.0.4280.88 Safari/537.36"
103.57.85.133 - - [09/Dec/2020:00:17:46 +0530] "GET /static/olfy/images/logo.gif HTTP/1.1" 206 2099307 "http://odorify.ahujalab.iiitd.edu.in/olfy/models" "Mozilla/5.0 (Windows NT 10.0; Win64; x64) AppleWebKit/537.36 (KHTML, like Gecko) Chrome/87.0.4280.88 Safari/537.36"
103.57.85.133 - - [09/Dec/2020:00:17:46 +0530] "GET /static/olfy/images/Sengupta.png HTTP/1.1" 304 0 "http://odorify.ahujalab.iiitd.edu.in/olfy/about" "Mozilla/5.0 (Windows NT 10.0; Win64; x64) AppleWebKit/537.36 (KHTML, like Gecko) Chrome/87.0.4280.88 Safari/537.36"
103.57.85.133 - - [09/Dec/2020:00:17:46 +0530] "GET /static/olfy/images/logo.gif HTTP/1.1" 206 1 "http://odorify.ahujalab.iiitd.edu.in/olfy/about" "Mozilla/5.0 (Windows NT 10.0; Win64; x64) AppleWebKit/537.36 (KHTML, like Gecko) Chrome/87.0.4280.88 Safari/537.36"
103.57.85.133 - - [09/Dec/2020:00:17:46 +0530] "GET /static/olfy/images/Tripti.png HTTP/1.1" 304 0 "http://odorify.ahujalab.iiitd.edu.in/olfy/about" "Mozilla/5.0 (Windows NT 10.0; Win64; x64) AppleWebKit/537.36 (KHTML, like Gecko) Chrome/87.0.4280.88 Safari/537.36"
103.57.85.133 - - [09/Dec/2020:00:17:46 +0530] "GET /static/olfy/images/Ria.png HTTP/1.1" 304 0 "http://odorify.ahujalab.iiitd.edu.in/olfy/about" "Mozilla/5.0 (Windows NT 10.0; Win64; x64) AppleWebKit/537.36 (KHTML, like Gecko) Chrome/87.0.4280.88 Safari/537.36"
74.125.214.11 - - [09/Dec/2020:00:17:47 +0530] "GET /static/olfy/images/logo.gif HTTP/1.1" 200 10796033 "-" "Mozilla/5.0 (X11; Linux x86_64) AppleWebKit/537.36 (KHTML, like Gecko) Chrome/56.0.2924.87 Safari/537.36 Google (+https://developers.google.com/+/web/snippet/)"
103.57.85.133 - - [09/Dec/2020:00:17:47 +0530] "GET /static/olfy/images/logo.gif HTTP/1.1" 206 5550028 "http://odorify.ahujalab.iiitd.edu.in/olfy/about" "Mozilla/5.0 (Windows NT 10.0; Win64; x64) AppleWebKit/537.36 (KHTML, like Gecko) Chrome/87.0.4280.88 Safari/537.36"
74.125.214.11 - - [09/Dec/2020:00:17:48 +0530] "GET /static/olfy/images/logo.gif HTTP/1.1" 200 10804721 "-" "Mozilla/5.0 (X11; Linux x86_64) AppleWebKit/537.36 (KHTML, like Gecko) Chrome/56.0.2924.87 Safari/537.36 Google (+https://developers.google.com/+/web/snippet/)"
74.125.214.9 - - [09/Dec/2020:00:17:49 +0530] "GET /static/olfy/images/logo.gif HTTP/1.1" 200 4505921 "-" "Mozilla/5.0 (X11; Linux x86_64) AppleWebKit/537.36 (KHTML, like Gecko) Chrome/56.0.2924.87 Safari/537.36 Google (+https://developers.google.com/+/web/snippet/)"
74.125.214.11 - - [09/Dec/2020:00:17:50 +0530] "GET /static/olfy/images/logo.gif HTTP/1.1" 200 10830785 "-" "Mozilla/5.0 (X11; Linux x86_64) AppleWebKit/537.36 (KHTML, like Gecko) Chrome/56.0.2924.87 Safari/537.36 Google (+https://developers.google.com/+/web/snippet/)"
103.57.85.133 - - [09/Dec/2020:00:17:50 +0530] "GET /olfy/about HTTP/1.1" 200 4601 "http://odorify.ahujalab.iiitd.edu.in/olfy/about" "Mozilla/5.0 (Windows NT 10.0; Win64; x64) AppleWebKit/537.36 (KHTML, like Gecko) Chrome/87.0.4280.88 Safari/537.36"
66.249.88.153 - - [09/Dec/2020:00:17:51 +0530] "GET /olfy/OR HTTP/1.1" 200 6853 "-" "Mozilla/5.0 (X11; Linux x86_64) AppleWebKit/537.36 (KHTML, like Gecko) Chrome/56.0.2924.87 Safari/537.36 Google (+https://developers.google.com/+/web/snippet/)"
74.125.214.9 - - [09/Dec/2020:00:17:51 +0530] "GET /static/olfy/images/running.gif HTTP/1.1" 200 1157114 "-" "Mozilla/5.0 (Windows NT 5.1; rv:11.0) Gecko Firefox/11.0 (via ggpht.com GoogleImageProxy)"
74.125.214.7 - - [09/Dec/2020:00:17:52 +0530] "GET /static/olfy/images/logo.gif HTTP/1.1" 200 10882913 "-" "Mozilla/5.0 (X11; Linux x86_64) AppleWebKit/537.36 (KHTML, like Gecko) Chrome/56.0.2924.87 Safari/537.36 Google (+https://developers.google.com/+/web/snippet/)"
66.249.88.156 - - [09/Dec/2020:00:17:52 +0530] "GET /static/olfy/images/running.gif HTTP/1.1" 200 1157114 "-" "Mozilla/5.0 (X11; Linux x86_64) AppleWebKit/537.36 (KHTML, like Gecko) Chrome/56.0.2924.87 Safari/537.36 Google (+https://developers.google.com/+/web/snippet/)"
74.125.214.7 - - [09/Dec/2020:00:17:53 +0530] "GET /static/olfy/images/logo.gif HTTP/1.1" 200 10787345 "-" "Mozilla/5.0 (X11; Linux x86_64) AppleWebKit/537.36 (KHTML, like Gecko) Chrome/56.0.2924.87 Safari/537.36 Google (+https://developers.google.com/+/web/snippet/)"
103.57.85.133 - - [09/Dec/2020:00:17:54 +0530] "GET /olfy/results HTTP/1.1" 200 3804 "http://odorify.ahujalab.iiitd.edu.in/olfy/about" "Mozilla/5.0 (Windows NT 10.0; Win64; x64) AppleWebKit/537.36 (KHTML, like Gecko) Chrome/87.0.4280.88 Safari/537.36"
103.57.85.133 - - [09/Dec/2020:00:17:56 +0530] "GET /olfy/queue HTTP/1.1" 200 3855 "http://odorify.ahujalab.iiitd.edu.in/olfy/results" "Mozilla/5.0 (Windows NT 10.0; Win64; x64) AppleWebKit/537.36 (KHTML, like Gecko) Chrome/87.0.4280.88 Safari/537.36"
103.57.85.133 - - [09/Dec/2020:00:17:58 +0530] "GET /olfy/results/pre_computed_job_odor_or_finder/4/2/1 HTTP/1.1" 200 5204 "http://odorify.ahujalab.iiitd.edu.in/olfy/queue" "Mozilla/5.0 (Windows NT 10.0; Win64; x64) AppleWebKit/537.36 (KHTML, like Gecko) Chrome/87.0.4280.88 Safari/537.36"
64.233.172.195 - - [09/Dec/2020:00:17:58 +0530] "GET /static/olfy/images/logo.gif HTTP/1.1" 200 10752593 "-" "Mozilla/5.0 (X11; Linux x86_64) AppleWebKit/537.36 (KHTML, like Gecko) Chrome/56.0.2924.87 Safari/537.36 Google (+https://developers.google.com/+/web/snippet/)"
103.57.85.133 - - [09/Dec/2020:00:18:00 +0530] "GET /olfy/odor_OR HTTP/1.1" 200 6634 "http://odorify.ahujalab.iiitd.edu.in/olfy/results/pre_computed_job_odor_or_finder/4/2/1" "Mozilla/5.0 (Windows NT 10.0; Win64; x64) AppleWebKit/537.36 (KHTML, like Gecko) Chrome/87.0.4280.88 Safari/537.36"
103.57.85.133 - - [09/Dec/2020:00:18:00 +0530] "GET /static/olfy/images/running.gif HTTP/1.1" 304 0 "http://odorify.ahujalab.iiitd.edu.in/olfy/odor_OR" "Mozilla/5.0 (Windows NT 10.0; Win64; x64) AppleWebKit/537.36 (KHTML, like Gecko) Chrome/87.0.4280.88 Safari/537.36"
74.125.214.9 - - [09/Dec/2020:00:18:01 +0530] "GET /static/olfy/images/logo.gif HTTP/1.1" 200 10796033 "-" "Mozilla/5.0 (X11; Linux x86_64) AppleWebKit/537.36 (KHTML, like Gecko) Chrome/56.0.2924.87 Safari/537.36 Google (+https://developers.google.com/+/web/snippet/)"
103.57.85.133 - - [09/Dec/2020:00:18:06 +0530] "POST /olfy/odor_OR HTTP/1.1" 200 11 "http://odorify.ahujalab.iiitd.edu.in/olfy/odor_OR" "Mozilla/5.0 (Windows NT 10.0; Win64; x64) AppleWebKit/537.36 (KHTML, like Gecko) Chrome/87.0.4280.88 Safari/537.36"
103.57.85.133 - - [09/Dec/2020:00:18:06 +0530] "GET /olfy/results HTTP/1.1" 200 5198 "http://odorify.ahujalab.iiitd.edu.in/olfy/odor_OR" "Mozilla/5.0 (Windows NT 10.0; Win64; x64) AppleWebKit/537.36 (KHTML, like Gecko) Chrome/87.0.4280.88 Safari/537.36"
103.57.85.133 - - [09/Dec/2020:00:18:08 +0530] "GET /olfy/queue HTTP/1.1" 200 3892 "http://odorify.ahujalab.iiitd.edu.in/olfy/results" "Mozilla/5.0 (Windows NT 10.0; Win64; x64) AppleWebKit/537.36 (KHTML, like Gecko) Chrome/87.0.4280.88 Safari/537.36"
66.249.88.159 - - [09/Dec/2020:00:18:09 +0530] "GET /static/olfy/images/logo.gif HTTP/1.1" 200 10848161 "-" "Mozilla/5.0 (X11; Linux x86_64) AppleWebKit/537.36 (KHTML, like Gecko) Chrome/56.0.2924.87 Safari/537.36 Google (+https://developers.google.com/+/web/snippet/)"
103.57.85.133 - - [09/Dec/2020:00:18:13 +0530] "GET /olfy/ HTTP/1.1" 200 3181 "http://odorify.ahujalab.iiitd.edu.in/olfy/queue" "Mozilla/5.0 (Windows NT 10.0; Win64; x64) AppleWebKit/537.36 (KHTML, like Gecko) Chrome/87.0.4280.88 Safari/537.36"
103.57.85.133 - - [09/Dec/2020:00:18:17 +0530] "GET /olfy/models HTTP/1.1" 200 3914 "http://odorify.ahujalab.iiitd.edu.in/olfy/" "Mozilla/5.0 (Windows NT 10.0; Win64; x64) AppleWebKit/537.36 (KHTML, like Gecko) Chrome/87.0.4280.88 Safari/537.36"
103.57.85.133 - - [09/Dec/2020:00:18:18 +0530] "GET /olfy/models HTTP/1.1" 200 3914 "http://odorify.ahujalab.iiitd.edu.in/olfy/models" "Mozilla/5.0 (Windows NT 10.0; Win64; x64) AppleWebKit/537.36 (KHTML, like Gecko) Chrome/87.0.4280.88 Safari/537.36"
103.57.85.133 - - [09/Dec/2020:00:18:19 +0530] "GET /olfy/OR HTTP/1.1" 200 6852 "http://odorify.ahujalab.iiitd.edu.in/olfy/models" "Mozilla/5.0 (Windows NT 10.0; Win64; x64) AppleWebKit/537.36 (KHTML, like Gecko) Chrome/87.0.4280.88 Safari/537.36"
103.57.85.133 - - [09/Dec/2020:00:18:28 +0530] "GET /static/olfy/styles/style.css.map HTTP/1.1" 200 22991 "-" "Mozilla/5.0 (Windows NT 10.0; Win64; x64) AppleWebKit/537.36 (KHTML, like Gecko) Chrome/87.0.4280.88 Safari/537.36"
103.57.85.133 - - [09/Dec/2020:00:18:34 +0530] "POST /olfy/OR HTTP/1.1" 499 0 "http://odorify.ahujalab.iiitd.edu.in/olfy/OR" "Mozilla/5.0 (Windows NT 10.0; Win64; x64) AppleWebKit/537.36 (KHTML, like Gecko) Chrome/87.0.4280.88 Safari/537.36"
192.168.1.99 - - [09/Dec/2020:00:19:59 +0530] "GET /olfy/OR HTTP/1.1" 200 6855 "http://odorify.ahujalab.iiitd.edu.in/olfy/contact" "Mozilla/5.0 (X11; Linux x86_64) AppleWebKit/537.36 (KHTML, like Gecko) Chrome/77.0.3865.90 Safari/537.36"
192.168.1.99 - - [09/Dec/2020:00:20:00 +0530] "GET /olfy/OR HTTP/1.1" 200 6852 "http://odorify.ahujalab.iiitd.edu.in/olfy/OR" "Mozilla/5.0 (X11; Linux x86_64) AppleWebKit/537.36 (KHTML, like Gecko) Chrome/77.0.3865.90 Safari/537.36"
103.57.85.133 - - [09/Dec/2020:00:20:37 +0530] "GET /olfy/OR HTTP/1.1" 200 6855 "-" "Mozilla/5.0 (Windows NT 10.0; Win64; x64) AppleWebKit/537.36 (KHTML, like Gecko) Chrome/87.0.4280.88 Safari/537.36"
192.168.1.99 - - [09/Dec/2020:00:21:07 +0530] "POST /olfy/OR HTTP/1.1" 200 11 "http://odorify.ahujalab.iiitd.edu.in/olfy/OR" "Mozilla/5.0 (X11; Linux x86_64) AppleWebKit/537.36 (KHTML, like Gecko) Chrome/77.0.3865.90 Safari/537.36"
192.168.1.99 - - [09/Dec/2020:00:21:07 +0530] "GET /olfy/results HTTP/1.1" 200 5937 "http://odorify.ahujalab.iiitd.edu.in/olfy/OR" "Mozilla/5.0 (X11; Linux x86_64) AppleWebKit/537.36 (KHTML, like Gecko) Chrome/77.0.3865.90 Safari/537.36"
64.233.173.13 - - [09/Dec/2020:00:21:07 +0530] "GET /static/olfy/images/running.gif HTTP/1.1" 200 1157114 "-" "Mozilla/5.0 (Windows NT 5.1; rv:11.0) Gecko Firefox/11.0 (via ggpht.com GoogleImageProxy)"
192.168.1.99 - - [09/Dec/2020:00:21:09 +0530] "GET /static/olfy/images/logo.gif HTTP/1.1" 304 0 "http://odorify.ahujalab.iiitd.edu.in/olfy/results" "Mozilla/5.0 (X11; Linux x86_64) AppleWebKit/537.36 (KHTML, like Gecko) Chrome/77.0.3865.90 Safari/537.36"
103.57.85.133 - - [09/Dec/2020:00:22:08 +0530] "GET /olfy/ HTTP/1.1" 200 3181 "-" "Mozilla/5.0 (Windows NT 10.0; Win64; x64) AppleWebKit/537.36 (KHTML, like Gecko) Chrome/87.0.4280.88 Safari/537.36"
103.57.85.133 - - [09/Dec/2020:00:22:11 +0530] "GET /olfy/models HTTP/1.1" 200 3914 "http://odorify.ahujalab.iiitd.edu.in/olfy/" "Mozilla/5.0 (Windows NT 10.0; Win64; x64) AppleWebKit/537.36 (KHTML, like Gecko) Chrome/87.0.4280.88 Safari/537.36"
103.57.85.133 - - [09/Dec/2020:00:22:12 +0530] "GET /olfy/odor2 HTTP/1.1" 200 6940 "http://odorify.ahujalab.iiitd.edu.in/olfy/models" "Mozilla/5.0 (Windows NT 10.0; Win64; x64) AppleWebKit/537.36 (KHTML, like Gecko) Chrome/87.0.4280.88 Safari/537.36"
103.57.85.133 - - [09/Dec/2020:00:22:15 +0530] "GET /olfy/OR HTTP/1.1" 200 6855 "http://odorify.ahujalab.iiitd.edu.in/olfy/odor2" "Mozilla/5.0 (Windows NT 10.0; Win64; x64) AppleWebKit/537.36 (KHTML, like Gecko) Chrome/87.0.4280.88 Safari/537.36"
103.57.85.133 - - [09/Dec/2020:00:23:01 +0530] "POST /olfy/OR HTTP/1.1" 200 11 "http://odorify.ahujalab.iiitd.edu.in/olfy/OR" "Mozilla/5.0 (Windows NT 10.0; Win64; x64) AppleWebKit/537.36 (KHTML, like Gecko) Chrome/87.0.4280.88 Safari/537.36"
103.57.85.133 - - [09/Dec/2020:00:23:01 +0530] "GET /olfy/results HTTP/1.1" 200 5330 "http://odorify.ahujalab.iiitd.edu.in/olfy/OR" "Mozilla/5.0 (Windows NT 10.0; Win64; x64) AppleWebKit/537.36 (KHTML, like Gecko) Chrome/87.0.4280.88 Safari/537.36"
192.168.1.99 - - [09/Dec/2020:00:23:03 +0530] "GET /static/olfy/generated//1701310413/m3/job_odor_finder111/1/1_SmileInterpretability.png HTTP/1.1" 200 40415 "http://odorify.ahujalab.iiitd.edu.in/olfy/results" "Mozilla/5.0 (X11; Linux x86_64) AppleWebKit/537.36 (KHTML, like Gecko) Chrome/77.0.3865.90 Safari/537.36"
103.57.85.133 - - [09/Dec/2020:00:23:06 +0530] "GET /static/olfy/generated//9346863404/m3/job_odor_finder1/1/1_mol.svg HTTP/1.1" 200 6430 "http://odorify.ahujalab.iiitd.edu.in/olfy/results" "Mozilla/5.0 (Windows NT 10.0; Win64; x64) AppleWebKit/537.36 (KHTML, like Gecko) Chrome/87.0.4280.88 Safari/537.36"
