103.57.85.133 - - [09/Dec/2020:00:23:08 +0530] "GET /olfy/odor2 HTTP/1.1" 200 6939 "http://odorify.ahujalab.iiitd.edu.in/olfy/results" "Mozilla/5.0 (Windows NT 10.0; Win64; x64) AppleWebKit/537.36 (KHTML, like Gecko) Chrome/87.0.4280.88 Safari/537.36"
103.57.85.133 - - [09/Dec/2020:00:23:11 +0530] "GET /olfy/results HTTP/1.1" 200 5330 "http://odorify.ahujalab.iiitd.edu.in/olfy/OR" "Mozilla/5.0 (Windows NT 10.0; Win64; x64) AppleWebKit/537.36 (KHTML, like Gecko) Chrome/87.0.4280.88 Safari/537.36"
192.168.1.99 - - [09/Dec/2020:00:23:12 +0530] "GET /olfy/queue HTTP/1.1" 200 4140 "http://odorify.ahujalab.iiitd.edu.in/olfy/results" "Mozilla/5.0 (X11; Linux x86_64) AppleWebKit/537.36 (KHTML, like Gecko) Chrome/77.0.3865.90 Safari/537.36"
103.57.85.133 - - [09/Dec/2020:00:23:15 +0530] "GET /olfy/odor HTTP/1.1" 200 6139 "http://odorify.ahujalab.iiitd.edu.in/olfy/results" "Mozilla/5.0 (Windows NT 10.0; Win64; x64) AppleWebKit/537.36 (KHTML, like Gecko) Chrome/87.0.4280.88 Safari/537.36"
103.57.85.133 - - [09/Dec/2020:00:23:16 +0530] "GET /olfy/odor2 HTTP/1.1" 200 6940 "http://odorify.ahujalab.iiitd.edu.in/olfy/odor" "Mozilla/5.0 (Windows NT 10.0; Win64; x64) AppleWebKit/537.36 (KHTML, like Gecko) Chrome/87.0.4280.88 Safari/537.36"
192.168.1.99 - - [09/Dec/2020:00:23:17 +0530] "GET /olfy/contact HTTP/1.1" 200 3719 "http://odorify.ahujalab.iiitd.edu.in/olfy/queue" "Mozilla/5.0 (X11; Linux x86_64) AppleWebKit/537.36 (KHTML, like Gecko) Chrome/77.0.3865.90 Safari/537.36"
169.149.193.158 - - [09/Dec/2020:00:23:20 +0530] "GET /skin/default.css HTTP/1.1" 404 159 "http://odorify.ahujalab.iiitd.edu.in/" "Mozilla/5.0 (Linux; Android 10; RMX2001) AppleWebKit/537.36 (KHTML, like Gecko) Chrome/87.0.4280.86 Mobile Safari/537.36"
169.149.193.158 - - [09/Dec/2020:00:23:20 +0530] "GET /js/jquery.parallax-1.1.3.js HTTP/1.1" 404 159 "http://odorify.ahujalab.iiitd.edu.in/" "Mozilla/5.0 (Linux; Android 10; RMX2001) AppleWebKit/537.36 (KHTML, like Gecko) Chrome/87.0.4280.86 Mobile Safari/537.36"
169.149.193.158 - - [09/Dec/2020:00:23:20 +0530] "GET /fonts/fontawesome-webfont.woff?v=4.1.0 HTTP/1.1" 404 159 "http://odorify.ahujalab.iiitd.edu.in/css/font-awesome.min.css" "Mozilla/5.0 (Linux; Android 10; RMX2001) AppleWebKit/537.36 (KHTML, like Gecko) Chrome/87.0.4280.86 Mobile Safari/537.36"
169.149.193.158 - - [09/Dec/2020:00:23:20 +0530] "GET /js/jquery.parallax-1.1.3.js HTTP/1.1" 404 159 "http://odorify.ahujalab.iiitd.edu.in/" "Mozilla/5.0 (Linux; Android 10; RMX2001) AppleWebKit/537.36 (KHTML, like Gecko) Chrome/87.0.4280.86 Mobile Safari/537.36"
192.168.1.99 - - [09/Dec/2020:00:23:21 +0530] "GET /olfy/about HTTP/1.1" 200 4601 "http://odorify.ahujalab.iiitd.edu.in/olfy/contact" "Mozilla/5.0 (X11; Linux x86_64) AppleWebKit/537.36 (KHTML, like Gecko) Chrome/77.0.3865.90 Safari/537.36"
192.168.1.99 - - [09/Dec/2020:00:23:21 +0530] "GET /static/olfy/images/Sengupta.png HTTP/1.1" 304 0 "http://odorify.ahujalab.iiitd.edu.in/olfy/about" "Mozilla/5.0 (X11; Linux x86_64) AppleWebKit/537.36 (KHTML, like Gecko) Chrome/77.0.3865.90 Safari/537.36"
103.57.85.133 - - [09/Dec/2020:00:23:21 +0530] "GET /olfy/queue HTTP/1.1" 200 3965 "http://odorify.ahujalab.iiitd.edu.in/olfy/odor2" "Mozilla/5.0 (Windows NT 10.0; Win64; x64) AppleWebKit/537.36 (KHTML, like Gecko) Chrome/87.0.4280.88 Safari/537.36"
192.168.1.99 - - [09/Dec/2020:00:23:22 +0530] "GET /static/olfy/images/Tripti.png HTTP/1.1" 304 0 "http://odorify.ahujalab.iiitd.edu.in/olfy/about" "Mozilla/5.0 (X11; Linux x86_64) AppleWebKit/537.36 (KHTML, like Gecko) Chrome/77.0.3865.90 Safari/537.36"
192.168.1.99 - - [09/Dec/2020:00:23:23 +0530] "GET /static/olfy/images/Aayushi.jpg HTTP/1.1" 304 0 "http://odorify.ahujalab.iiitd.edu.in/olfy/about" "Mozilla/5.0 (X11; Linux x86_64) AppleWebKit/537.36 (KHTML, like Gecko) Chrome/77.0.3865.90 Safari/537.36"
103.57.85.133 - - [09/Dec/2020:00:23:26 +0530] "GET /olfy/results/pre_computed_job_odor_or_finder/4/2/1 HTTP/1.1" 200 5204 "http://odorify.ahujalab.iiitd.edu.in/olfy/queue" "Mozilla/5.0 (Windows NT 10.0; Win64; x64) AppleWebKit/537.36 (KHTML, like Gecko) Chrome/87.0.4280.88 Safari/537.36"
169.149.193.158 - - [09/Dec/2020:00:23:30 +0530] "GET /index.html HTTP/1.1" 200 396 "http://odorify.ahujalab.iiitd.edu.in/" "Mozilla/5.0 (Linux; Android 10; RMX2001) AppleWebKit/537.36 (KHTML, like Gecko) Chrome/87.0.4280.86 Mobile Safari/537.36"
103.57.85.133 - - [09/Dec/2020:00:23:31 +0530] "GET /olfy/results/pre_computed_job_odor_or_finder/4/2/1 HTTP/1.1" 200 5204 "-" "Mozilla/5.0 (Windows NT 10.0; Win64; x64) AppleWebKit/537.36 (KHTML, like Gecko) Chrome/87.0.4280.88 Safari/537.36"
103.57.85.133 - - [09/Dec/2020:00:23:31 +0530] "GET /static/olfy/styles/style.css HTTP/1.1" 200 31026 "http://odorify.ahujalab.iiitd.edu.in/olfy/results/pre_computed_job_odor_or_finder/4/2/1" "Mozilla/5.0 (Windows NT 10.0; Win64; x64) AppleWebKit/537.36 (KHTML, like Gecko) Chrome/87.0.4280.88 Safari/537.36"
103.57.85.133 - - [09/Dec/2020:00:23:33 +0530] "GET /static/olfy/images/logo.gif HTTP/1.1" 200 2811761 "http://odorify.ahujalab.iiitd.edu.in/olfy/results/pre_computed_job_odor_or_finder/4/2/1" "Mozilla/5.0 (Windows NT 10.0; Win64; x64) AppleWebKit/537.36 (KHTML, like Gecko) Chrome/87.0.4280.88 Safari/537.36"
169.149.193.158 - - [09/Dec/2020:00:23:58 +0530] "GET / HTTP/1.1" 301 0 "http://odorify.ahujalab.iiitd.edu.in/" "Mozilla/5.0 (Linux; Android 10; RMX2001) AppleWebKit/537.36 (KHTML, like Gecko) Chrome/87.0.4280.86 Mobile Safari/537.36"
169.149.193.158 - - [09/Dec/2020:00:23:58 +0530] "GET /olfy/ HTTP/1.1" 200 3181 "http://odorify.ahujalab.iiitd.edu.in/" "Mozilla/5.0 (Linux; Android 10; RMX2001) AppleWebKit/537.36 (KHTML, like Gecko) Chrome/87.0.4280.86 Mobile Safari/537.36"
169.149.193.158 - - [09/Dec/2020:00:23:58 +0530] "GET /static/olfy/styles/style.css HTTP/1.1" 200 31026 "http://odorify.ahujalab.iiitd.edu.in/olfy/" "Mozilla/5.0 (Linux; Android 10; RMX2001) AppleWebKit/537.36 (KHTML, like Gecko) Chrome/87.0.4280.86 Mobile Safari/537.36"
169.149.193.158 - - [09/Dec/2020:00:23:58 +0530] "GET /olfy/ HTTP/1.1" 200 3181 "http://odorify.ahujalab.iiitd.edu.in/" "Mozilla/5.0 (Linux; Android 10; RMX2001) AppleWebKit/537.36 (KHTML, like Gecko) Chrome/87.0.4280.86 Mobile Safari/537.36"
169.149.193.158 - - [09/Dec/2020:00:23:58 +0530] "GET /static/olfy/images/logo.gif HTTP/1.1" 200 354505 "http://odorify.ahujalab.iiitd.edu.in/olfy/" "Mozilla/5.0 (Linux; Android 10; RMX2001) AppleWebKit/537.36 (KHTML, like Gecko) Chrome/87.0.4280.86 Mobile Safari/537.36"
169.149.193.158 - - [09/Dec/2020:00:23:58 +0530] "GET /static/olfy/styles/style.css HTTP/1.1" 206 1 "http://odorify.ahujalab.iiitd.edu.in/olfy/" "Mozilla/5.0 (Linux; Android 10; RMX2001) AppleWebKit/537.36 (KHTML, like Gecko) Chrome/87.0.4280.86 Mobile Safari/537.36"
169.149.193.158 - - [09/Dec/2020:00:23:58 +0530] "GET /static/olfy/images/logo.gif HTTP/1.1" 206 1 "http://odorify.ahujalab.iiitd.edu.in/olfy/" "Mozilla/5.0 (Linux; Android 10; RMX2001) AppleWebKit/537.36 (KHTML, like Gecko) Chrome/87.0.4280.86 Mobile Safari/537.36"
169.149.193.158 - - [09/Dec/2020:00:23:58 +0530] "GET /static/olfy/styles/style.css HTTP/1.1" 206 10905 "http://odorify.ahujalab.iiitd.edu.in/olfy/" "Mozilla/5.0 (Linux; Android 10; RMX2001) AppleWebKit/537.36 (KHTML, like Gecko) Chrome/87.0.4280.86 Mobile Safari/537.36"
169.149.193.158 - - [09/Dec/2020:00:24:04 +0530] "GET /olfy/models HTTP/1.1" 200 3914 "http://odorify.ahujalab.iiitd.edu.in/olfy/" "Mozilla/5.0 (Linux; Android 10; RMX2001) AppleWebKit/537.36 (KHTML, like Gecko) Chrome/87.0.4280.86 Mobile Safari/537.36"
169.149.193.158 - - [09/Dec/2020:00:24:04 +0530] "GET /static/olfy/images/logo.gif HTTP/1.1" 206 9617324 "http://odorify.ahujalab.iiitd.edu.in/olfy/" "Mozilla/5.0 (Linux; Android 10; RMX2001) AppleWebKit/537.36 (KHTML, like Gecko) Chrome/87.0.4280.86 Mobile Safari/537.36"
169.149.193.158 - - [09/Dec/2020:00:24:04 +0530] "GET /static/olfy/images/Model3.jpg HTTP/1.1" 200 189647 "http://odorify.ahujalab.iiitd.edu.in/olfy/models" "Mozilla/5.0 (Linux; Android 10; RMX2001) AppleWebKit/537.36 (KHTML, like Gecko) Chrome/87.0.4280.86 Mobile Safari/537.36"
169.149.193.158 - - [09/Dec/2020:00:24:04 +0530] "GET /static/olfy/images/Model4.jpg HTTP/1.1" 200 57295 "http://odorify.ahujalab.iiitd.edu.in/olfy/models" "Mozilla/5.0 (Linux; Android 10; RMX2001) AppleWebKit/537.36 (KHTML, like Gecko) Chrome/87.0.4280.86 Mobile Safari/537.36"
169.149.193.158 - - [09/Dec/2020:00:24:04 +0530] "GET /static/olfy/images/logo.gif HTTP/1.1" 206 1 "http://odorify.ahujalab.iiitd.edu.in/olfy/models" "Mozilla/5.0 (Linux; Android 10; RMX2001) AppleWebKit/537.36 (KHTML, like Gecko) Chrome/87.0.4280.86 Mobile Safari/537.36"
169.149.193.158 - - [09/Dec/2020:00:24:07 +0530] "GET /static/olfy/images/logo.gif HTTP/1.1" 206 3521061 "http://odorify.ahujalab.iiitd.edu.in/olfy/models" "Mozilla/5.0 (Linux; Android 10; RMX2001) AppleWebKit/537.36 (KHTML, like Gecko) Chrome/87.0.4280.86 Mobile Safari/537.36"
169.149.193.158 - - [09/Dec/2020:00:24:07 +0530] "GET /static/olfy/images/logo-nose.png HTTP/1.1" 200 74739 "http://odorify.ahujalab.iiitd.edu.in/olfy/models" "Mozilla/5.0 (Linux; Android 10; RMX2001) AppleWebKit/537.36 (KHTML, like Gecko) Chrome/87.0.4280.86 Mobile Safari/537.36"
169.149.193.158 - - [09/Dec/2020:00:24:16 +0530] "GET /olfy/help HTTP/1.1" 200 5957 "http://odorify.ahujalab.iiitd.edu.in/olfy/models" "Mozilla/5.0 (Linux; Android 10; RMX2001) AppleWebKit/537.36 (KHTML, like Gecko) Chrome/87.0.4280.86 Mobile Safari/537.36"
169.149.193.158 - - [09/Dec/2020:00:24:17 +0530] "GET /static/olfy/images/m1.png HTTP/1.1" 200 42836 "http://odorify.ahujalab.iiitd.edu.in/olfy/help" "Mozilla/5.0 (Linux; Android 10; RMX2001) AppleWebKit/537.36 (KHTML, like Gecko) Chrome/87.0.4280.86 Mobile Safari/537.36"
169.149.193.158 - - [09/Dec/2020:00:24:17 +0530] "GET /static/olfy/images/homepage.png HTTP/1.1" 200 68645 "http://odorify.ahujalab.iiitd.edu.in/olfy/help" "Mozilla/5.0 (Linux; Android 10; RMX2001) AppleWebKit/537.36 (KHTML, like Gecko) Chrome/87.0.4280.86 Mobile Safari/537.36"
169.149.193.158 - - [09/Dec/2020:00:24:17 +0530] "GET /static/olfy/images/models_homepage.png HTTP/1.1" 200 976785 "http://odorify.ahujalab.iiitd.edu.in/olfy/help" "Mozilla/5.0 (Linux; Android 10; RMX2001) AppleWebKit/537.36 (KHTML, like Gecko) Chrome/87.0.4280.86 Mobile Safari/537.36"
169.149.193.158 - - [09/Dec/2020:00:24:17 +0530] "GET /static/olfy/images/m3.png HTTP/1.1" 200 34901 "http://odorify.ahujalab.iiitd.edu.in/olfy/help" "Mozilla/5.0 (Linux; Android 10; RMX2001) AppleWebKit/537.36 (KHTML, like Gecko) Chrome/87.0.4280.86 Mobile Safari/537.36"
169.149.193.158 - - [09/Dec/2020:00:24:17 +0530] "GET /static/olfy/images/m2.png HTTP/1.1" 200 46189 "http://odorify.ahujalab.iiitd.edu.in/olfy/help" "Mozilla/5.0 (Linux; Android 10; RMX2001) AppleWebKit/537.36 (KHTML, like Gecko) Chrome/87.0.4280.86 Mobile Safari/537.36"
169.149.193.158 - - [09/Dec/2020:00:24:17 +0530] "GET /static/olfy/images/m4.png HTTP/1.1" 200 29222 "http://odorify.ahujalab.iiitd.edu.in/olfy/help" "Mozilla/5.0 (Linux; Android 10; RMX2001) AppleWebKit/537.36 (KHTML, like Gecko) Chrome/87.0.4280.86 Mobile Safari/537.36"
169.149.193.158 - - [09/Dec/2020:00:24:17 +0530] "GET /static/olfy/images/email.jpg HTTP/1.1" 200 36450 "http://odorify.ahujalab.iiitd.edu.in/olfy/help" "Mozilla/5.0 (Linux; Android 10; RMX2001) AppleWebKit/537.36 (KHTML, like Gecko) Chrome/87.0.4280.86 Mobile Safari/537.36"
169.149.193.158 - - [09/Dec/2020:00:24:17 +0530] "GET /static/olfy/images/history.png HTTP/1.1" 200 20361 "http://odorify.ahujalab.iiitd.edu.in/olfy/help" "Mozilla/5.0 (Linux; Android 10; RMX2001) AppleWebKit/537.36 (KHTML, like Gecko) Chrome/87.0.4280.86 Mobile Safari/537.36"
169.149.193.158 - - [09/Dec/2020:00:24:17 +0530] "GET /static/olfy/images/zip.jpg HTTP/1.1" 200 29332 "http://odorify.ahujalab.iiitd.edu.in/olfy/help" "Mozilla/5.0 (Linux; Android 10; RMX2001) AppleWebKit/537.36 (KHTML, like Gecko) Chrome/87.0.4280.86 Mobile Safari/537.36"
169.149.193.158 - - [09/Dec/2020:00:24:17 +0530] "GET /static/olfy/images/m4_results.png HTTP/1.1" 200 39754 "http://odorify.ahujalab.iiitd.edu.in/olfy/help" "Mozilla/5.0 (Linux; Android 10; RMX2001) AppleWebKit/537.36 (KHTML, like Gecko) Chrome/87.0.4280.86 Mobile Safari/537.36"
169.149.193.158 - - [09/Dec/2020:00:24:18 +0530] "GET /static/olfy/tutorialVideo.mp4 HTTP/1.1" 206 1068339 "http://odorify.ahujalab.iiitd.edu.in/olfy/help" "Mozilla/5.0 (Linux; Android 10; RMX2001) AppleWebKit/537.36 (KHTML, like Gecko) Chrome/87.0.4280.86 Mobile Safari/537.36"
169.149.193.158 - - [09/Dec/2020:00:24:18 +0530] "GET /static/olfy/tutorialVideo.mp4 HTTP/1.1" 206 83694 "http://odorify.ahujalab.iiitd.edu.in/olfy/help" "Mozilla/5.0 (Linux; Android 10; RMX2001) AppleWebKit/537.36 (KHTML, like Gecko) Chrome/87.0.4280.86 Mobile Safari/537.36"
223.179.145.157 - - [09/Dec/2020:00:27:19 +0530] "GET / HTTP/1.1" 301 0 "-" "Mozilla/5.0 (Linux; Android 10; SAMSUNG SM-M307F) AppleWebKit/537.36 (KHTML, like Gecko) SamsungBrowser/13.0 Chrome/83.0.4103.106 Mobile Safari/537.36"
223.179.145.157 - - [09/Dec/2020:00:27:19 +0530] "GET /olfy/ HTTP/1.1" 200 3181 "-" "Mozilla/5.0 (Linux; Android 10; SAMSUNG SM-M307F) AppleWebKit/537.36 (KHTML, like Gecko) SamsungBrowser/13.0 Chrome/83.0.4103.106 Mobile Safari/537.36"
223.179.145.157 - - [09/Dec/2020:00:27:19 +0530] "GET /static/olfy/styles/style.css HTTP/1.1" 200 31026 "http://odorify.ahujalab.iiitd.edu.in/olfy/" "Mozilla/5.0 (Linux; Android 10; SAMSUNG SM-M307F) AppleWebKit/537.36 (KHTML, like Gecko) SamsungBrowser/13.0 Chrome/83.0.4103.106 Mobile Safari/537.36"
223.179.145.157 - - [09/Dec/2020:00:27:22 +0530] "GET /olfy/models HTTP/1.1" 200 3914 "http://odorify.ahujalab.iiitd.edu.in/olfy/" "Mozilla/5.0 (Linux; Android 10; SAMSUNG SM-M307F) AppleWebKit/537.36 (KHTML, like Gecko) SamsungBrowser/13.0 Chrome/83.0.4103.106 Mobile Safari/537.36"
223.179.145.157 - - [09/Dec/2020:00:27:22 +0530] "GET /static/olfy/images/logo.gif HTTP/1.1" 200 8823857 "http://odorify.ahujalab.iiitd.edu.in/olfy/" "Mozilla/5.0 (Linux; Android 10; SAMSUNG SM-M307F) AppleWebKit/537.36 (KHTML, like Gecko) SamsungBrowser/13.0 Chrome/83.0.4103.106 Mobile Safari/537.36"
223.179.145.157 - - [09/Dec/2020:00:27:22 +0530] "GET /static/olfy/images/Model3.jpg HTTP/1.1" 200 189647 "http://odorify.ahujalab.iiitd.edu.in/olfy/models" "Mozilla/5.0 (Linux; Android 10; SAMSUNG SM-M307F) AppleWebKit/537.36 (KHTML, like Gecko) SamsungBrowser/13.0 Chrome/83.0.4103.106 Mobile Safari/537.36"
223.179.145.157 - - [09/Dec/2020:00:27:22 +0530] "GET /static/olfy/images/Model4.jpg HTTP/1.1" 200 57295 "http://odorify.ahujalab.iiitd.edu.in/olfy/models" "Mozilla/5.0 (Linux; Android 10; SAMSUNG SM-M307F) AppleWebKit/537.36 (KHTML, like Gecko) SamsungBrowser/13.0 Chrome/83.0.4103.106 Mobile Safari/537.36"
223.179.145.157 - - [09/Dec/2020:00:27:23 +0530] "GET /static/olfy/images/logo.gif HTTP/1.1" 206 1 "http://odorify.ahujalab.iiitd.edu.in/olfy/models" "Mozilla/5.0 (Linux; Android 10; SAMSUNG SM-M307F) AppleWebKit/537.36 (KHTML, like Gecko) SamsungBrowser/13.0 Chrome/83.0.4103.106 Mobile Safari/537.36"
223.179.145.157 - - [09/Dec/2020:00:27:24 +0530] "GET /static/olfy/images/logo.gif HTTP/1.1" 206 4296415 "http://odorify.ahujalab.iiitd.edu.in/olfy/models" "Mozilla/5.0 (Linux; Android 10; SAMSUNG SM-M307F) AppleWebKit/537.36 (KHTML, like Gecko) SamsungBrowser/13.0 Chrome/83.0.4103.106 Mobile Safari/537.36"
223.179.145.157 - - [09/Dec/2020:00:27:24 +0530] "GET /static/olfy/images/logo-nose.png HTTP/1.1" 200 74739 "http://odorify.ahujalab.iiitd.edu.in/olfy/models" "Mozilla/5.0 (Linux; Android 10; SAMSUNG SM-M307F) AppleWebKit/537.36 (KHTML, like Gecko) SamsungBrowser/13.0 Chrome/83.0.4103.106 Mobile Safari/537.36"
223.179.145.157 - - [09/Dec/2020:00:27:30 +0530] "GET /olfy/about HTTP/1.1" 200 4601 "http://odorify.ahujalab.iiitd.edu.in/olfy/models" "Mozilla/5.0 (Linux; Android 10; SAMSUNG SM-M307F) AppleWebKit/537.36 (KHTML, like Gecko) SamsungBrowser/13.0 Chrome/83.0.4103.106 Mobile Safari/537.36"
223.179.145.157 - - [09/Dec/2020:00:27:30 +0530] "GET /static/olfy/images/Sengupta.png HTTP/1.1" 200 259024 "http://odorify.ahujalab.iiitd.edu.in/olfy/about" "Mozilla/5.0 (Linux; Android 10; SAMSUNG SM-M307F) AppleWebKit/537.36 (KHTML, like Gecko) SamsungBrowser/13.0 Chrome/83.0.4103.106 Mobile Safari/537.36"
223.179.145.157 - - [09/Dec/2020:00:27:30 +0530] "GET /static/olfy/images/Vishesh.png HTTP/1.1" 200 196107 "http://odorify.ahujalab.iiitd.edu.in/olfy/about" "Mozilla/5.0 (Linux; Android 10; SAMSUNG SM-M307F) AppleWebKit/537.36 (KHTML, like Gecko) SamsungBrowser/13.0 Chrome/83.0.4103.106 Mobile Safari/537.36"
223.179.145.157 - - [09/Dec/2020:00:27:30 +0530] "GET /static/olfy/images/Gaurav.jpg HTTP/1.1" 200 688319 "http://odorify.ahujalab.iiitd.edu.in/olfy/about" "Mozilla/5.0 (Linux; Android 10; SAMSUNG SM-M307F) AppleWebKit/537.36 (KHTML, like Gecko) SamsungBrowser/13.0 Chrome/83.0.4103.106 Mobile Safari/537.36"
223.179.145.157 - - [09/Dec/2020:00:27:30 +0530] "GET /static/olfy/images/Rishi.jpg HTTP/1.1" 200 19063 "http://odorify.ahujalab.iiitd.edu.in/olfy/about" "Mozilla/5.0 (Linux; Android 10; SAMSUNG SM-M307F) AppleWebKit/537.36 (KHTML, like Gecko) SamsungBrowser/13.0 Chrome/83.0.4103.106 Mobile Safari/537.36"
223.179.145.157 - - [09/Dec/2020:00:27:30 +0530] "GET /static/olfy/images/Ria.png HTTP/1.1" 200 253566 "http://odorify.ahujalab.iiitd.edu.in/olfy/about" "Mozilla/5.0 (Linux; Android 10; SAMSUNG SM-M307F) AppleWebKit/537.36 (KHTML, like Gecko) SamsungBrowser/13.0 Chrome/83.0.4103.106 Mobile Safari/537.36"
223.179.145.157 - - [09/Dec/2020:00:27:30 +0530] "GET /static/olfy/images/Tripti.png HTTP/1.1" 200 521735 "http://odorify.ahujalab.iiitd.edu.in/olfy/about" "Mozilla/5.0 (Linux; Android 10; SAMSUNG SM-M307F) AppleWebKit/537.36 (KHTML, like Gecko) SamsungBrowser/13.0 Chrome/83.0.4103.106 Mobile Safari/537.36"
223.179.145.157 - - [09/Dec/2020:00:27:30 +0530] "GET /static/olfy/images/Sushant.jpg HTTP/1.1" 200 85543 "http://odorify.ahujalab.iiitd.edu.in/olfy/about" "Mozilla/5.0 (Linux; Android 10; SAMSUNG SM-M307F) AppleWebKit/537.36 (KHTML, like Gecko) SamsungBrowser/13.0 Chrome/83.0.4103.106 Mobile Safari/537.36"
223.179.145.157 - - [09/Dec/2020:00:27:30 +0530] "GET /static/olfy/images/Krishan.jpg HTTP/1.1" 200 93557 "http://odorify.ahujalab.iiitd.edu.in/olfy/about" "Mozilla/5.0 (Linux; Android 10; SAMSUNG SM-M307F) AppleWebKit/537.36 (KHTML, like Gecko) SamsungBrowser/13.0 Chrome/83.0.4103.106 Mobile Safari/537.36"
223.179.145.157 - - [09/Dec/2020:00:27:31 +0530] "GET /static/olfy/images/Prakriti.jpg HTTP/1.1" 200 135500 "http://odorify.ahujalab.iiitd.edu.in/olfy/about" "Mozilla/5.0 (Linux; Android 10; SAMSUNG SM-M307F) AppleWebKit/537.36 (KHTML, like Gecko) SamsungBrowser/13.0 Chrome/83.0.4103.106 Mobile Safari/537.36"
223.179.145.157 - - [09/Dec/2020:00:27:31 +0530] "GET /static/olfy/images/Riya.jpg HTTP/1.1" 200 24320 "http://odorify.ahujalab.iiitd.edu.in/olfy/about" "Mozilla/5.0 (Linux; Android 10; SAMSUNG SM-M307F) AppleWebKit/537.36 (KHTML, like Gecko) SamsungBrowser/13.0 Chrome/83.0.4103.106 Mobile Safari/537.36"
223.179.145.157 - - [09/Dec/2020:00:27:32 +0530] "GET /static/olfy/images/Aayushi.jpg HTTP/1.1" 200 2122906 "http://odorify.ahujalab.iiitd.edu.in/olfy/about" "Mozilla/5.0 (Linux; Android 10; SAMSUNG SM-M307F) AppleWebKit/537.36 (KHTML, like Gecko) SamsungBrowser/13.0 Chrome/83.0.4103.106 Mobile Safari/537.36"
103.57.85.133 - - [09/Dec/2020:00:27:37 +0530] "GET /olfy/ HTTP/1.1" 200 3181 "-" "Mozilla/5.0 (Windows NT 10.0; Win64; x64) AppleWebKit/537.36 (KHTML, like Gecko) Chrome/87.0.4280.88 Safari/537.36"
223.179.145.157 - - [09/Dec/2020:00:27:57 +0530] "GET /olfy/ HTTP/1.1" 200 3181 "-" "Mozilla/5.0 (Linux; Android 10; SAMSUNG SM-M307F) AppleWebKit/537.36 (KHTML, like Gecko) SamsungBrowser/13.0 Chrome/83.0.4103.106 Mobile Safari/537.36"
